<html>
<body>
<pre>
<h1>µVision Build Log</h1>
<h2>Tool Versions:</h2>
IDE-Version: µVision V5.36.0.0
Copyright (C) 2021 ARM Ltd and ARM Germany GmbH. All rights reserved.
License Information: Mike CS, University of Waterloo, LIC=----
 
Tool Versions:
Toolchain:       MDK-Lite  Version: 5.36.0.0
Toolchain Path:  C:\Keil_v5\ARM\ARMCC\Bin
C Compiler:      Armcc.exe V5.06 update 7 (build 960)
Assembler:       Armasm.exe V5.06 update 7 (build 960)
Linker/Locator:  ArmLink.exe V5.06 update 7 (build 960)
Library Manager: ArmAr.exe V5.06 update 7 (build 960)
Hex Converter:   FromElf.exe V5.06 update 7 (build 960)
CPU DLL:         SARMCM3.DLL V5.36.0.0
Dialog DLL:      DCM.DLL V1.17.3.0
Target DLL:      UL2CM3.DLL V1.164.0.0
Dialog DLL:      TCM.DLL V1.53.0.0
 
<h2>Project:</h2>
C:\Users\tienb\OneDrive - University of Waterloo\courses\MTE241\Labs\Development\Lab1\lab1Dev\Project2\Lab2.uvprojx
Project File Date:  05/13/2022

<h2>Output:</h2>
*** Using Compiler 'V5.06 update 7 (build 960)', folder: 'C:\Keil_v5\ARM\ARMCC\Bin'
Rebuild target 'Target 1'
compiling Retarget.c...
compiling spece.c...
compiling GLCD_Scroll.c...
compiling p2_main.c...
compiling uart.c...
compiling gameLogic.c...
compiling GLCD_SPI_LPC1700.c...
compiling rtx_lib.c...
assembling startup_LPC17xx.s...
compiling RTX_Config.c...
compiling system_LPC17xx.c...
linking...
Program Size: Code=10528 RO-data=524 RW-data=9696 ZI-data=16520  
".\Objects\Lab2.axf" - 0 Error(s), 0 Warning(s).

<h2>Software Packages used:</h2>

Package Vendor: ARM
                http://www.keil.com/pack/ARM.CMSIS.5.8.0.pack
                ARM.CMSIS.5.8.0
                CMSIS (Common Microcontroller Software Interface Standard)
   * Component: RTOS2 Version: 2.1.3
   * Component: CORE Version: 5.5.0
   * Component: Keil RTX5 Variant: Library Version: 5.5.3

Package Vendor: Keil
                http://www.keil.com/pack/Keil.LPC1700_DFP.2.7.1.pack
                Keil.LPC1700_DFP.2.7.1
                NXP LPC1700 Series Device Support, Drivers and Examples for MCB1700 and LPC1788-32
   * Component: Startup Version: 1.0.0

<h2>Collection of Component include folders:</h2>
  .\RTE\CMSIS
  .\RTE\Device\LPC1768
  .\RTE\_Target_1
  C:\Users\tienb\AppData\Local\Arm\Packs\ARM\CMSIS\5.8.0\CMSIS\Core\Include
  C:\Users\tienb\AppData\Local\Arm\Packs\ARM\CMSIS\5.8.0\CMSIS\RTOS2\Include
  C:\Users\tienb\AppData\Local\Arm\Packs\ARM\CMSIS\5.8.0\CMSIS\RTOS2\RTX\Include
  C:\Users\tienb\AppData\Local\Arm\Packs\Keil\LPC1700_DFP\2.7.1\Device\Include

<h2>Collection of Component Files used:</h2>

   * Component: ::CMSIS:RTOS2:2.1.3 (API)
      Include file:  CMSIS\RTOS2\Include\cmsis_os2.h

   * Component: ARM::CMSIS:CORE:5.5.0

   * Component: ARM::CMSIS:RTOS2:Keil RTX5:Library:5.5.3
      Source file:   CMSIS\RTOS2\RTX\Template\Thread.c
      Include file:  CMSIS\RTOS2\RTX\Config\RTX_Config.h
      Source file:   CMSIS\RTOS2\RTX\Template\Timer.c
      Source file:   CMSIS\RTOS2\RTX\Template\Mutex.c
      Source file:   CMSIS\RTOS2\RTX\Template\MsgQueue.c
      Library file:  CMSIS\RTOS2\RTX\Library\ARM\RTX_CM3.lib
      Source file:   CMSIS\RTOS2\RTX\Template\Events.c
      Source file:   CMSIS\RTOS2\RTX\Template\svc_user.c
      Include file:  CMSIS\RTOS2\RTX\Include\rtx_os.h
      Source file:   CMSIS\RTOS2\RTX\Config\RTX_Config.c
      Source file:   CMSIS\RTOS2\RTX\Template\main.c
      Source file:   CMSIS\RTOS2\RTX\Template\MemPool.c
      Source file:   CMSIS\RTOS2\RTX\Template\Semaphore.c
      Source file:   CMSIS\RTOS2\RTX\Source\rtx_lib.c

   * Component: Keil::Device:Startup:1.0.0
      Include file:  Device\Include\LPC17xx.h
      Source file:   Device\Source\ARM\startup_LPC17xx.s
      Source file:   Device\Source\system_LPC17xx.c
      Include file:  RTE_Driver\Config\RTE_Device.h
Build Time Elapsed:  00:00:01
</pre>
</body>
</html>
