Component: ARM Compiler 5.06 update 7 (build 960) Tool: armlink [4d3601]

==============================================================================

Section Cross References

    glcd_scroll.o(i.append_char) refers to glcd_scroll.o(i.refresh_lcd) for refresh_lcd
    glcd_scroll.o(i.append_char) refers to glcd_spi_lpc1700.o(i.GLCD_DisplayChar) for GLCD_DisplayChar
    glcd_scroll.o(i.append_char) refers to glcd_scroll.o(i.last_line) for last_line
    glcd_scroll.o(i.append_char) refers to glcd_scroll.o(.data) for last_col_cahche
    glcd_scroll.o(i.append_char) refers to glcd_scroll.o(.bss) for chache
    glcd_scroll.o(i.init_scroll) refers to glcd_spi_lpc1700.o(i.GLCD_Init) for GLCD_Init
    glcd_scroll.o(i.init_scroll) refers to glcd_spi_lpc1700.o(i.GLCD_Clear) for GLCD_Clear
    glcd_scroll.o(i.init_scroll) refers to glcd_spi_lpc1700.o(i.GLCD_SetBackColor) for GLCD_SetBackColor
    glcd_scroll.o(i.init_scroll) refers to glcd_spi_lpc1700.o(i.GLCD_SetTextColor) for GLCD_SetTextColor
    glcd_scroll.o(i.init_scroll) refers to glcd_scroll.o(.data) for cache_start
    glcd_scroll.o(i.joyStickBusyWaitingMonitor) refers to glcd_scroll.o(i.moveUp) for moveUp
    glcd_scroll.o(i.joyStickBusyWaitingMonitor) refers to glcd_scroll.o(i.moveDown) for moveDown
    glcd_scroll.o(i.joyStickBusyWaitingMonitor) refers to glcd_scroll.o(i.moveFirst) for moveFirst
    glcd_scroll.o(i.joyStickBusyWaitingMonitor) refers to glcd_scroll.o(i.moveLast) for moveLast
    glcd_scroll.o(i.last_line) refers to glcd_scroll.o(.data) for cache_start
    glcd_scroll.o(i.last_window_line) refers to glcd_scroll.o(.data) for window_start
    glcd_scroll.o(i.moveDown) refers to glcd_scroll.o(i.last_line) for last_line
    glcd_scroll.o(i.moveDown) refers to glcd_scroll.o(i.last_window_line) for last_window_line
    glcd_scroll.o(i.moveDown) refers to glcd_scroll.o(i.refresh_lcd) for refresh_lcd
    glcd_scroll.o(i.moveDown) refers to glcd_scroll.o(.data) for window_start
    glcd_scroll.o(i.moveFirst) refers to glcd_scroll.o(i.refresh_lcd) for refresh_lcd
    glcd_scroll.o(i.moveFirst) refers to glcd_scroll.o(.data) for window_start
    glcd_scroll.o(i.moveLast) refers to glcd_scroll.o(i.last_line) for last_line
    glcd_scroll.o(i.moveLast) refers to glcd_scroll.o(i.last_window_line) for last_window_line
    glcd_scroll.o(i.moveLast) refers to glcd_scroll.o(i.refresh_lcd) for refresh_lcd
    glcd_scroll.o(i.moveLast) refers to glcd_scroll.o(.data) for cache_size
    glcd_scroll.o(i.moveUp) refers to glcd_scroll.o(i.refresh_lcd) for refresh_lcd
    glcd_scroll.o(i.moveUp) refers to glcd_scroll.o(.data) for window_start
    glcd_scroll.o(i.print_string) refers to glcd_scroll.o(i.print_text) for print_text
    glcd_scroll.o(i.print_text) refers to glcd_scroll.o(i.append_char) for append_char
    glcd_scroll.o(i.refresh_lcd) refers to glcd_spi_lpc1700.o(i.GLCD_Clear) for GLCD_Clear
    glcd_scroll.o(i.refresh_lcd) refers to glcd_spi_lpc1700.o(i.GLCD_DisplayString) for GLCD_DisplayString
    glcd_scroll.o(i.refresh_lcd) refers to glcd_scroll.o(.data) for window_start
    glcd_scroll.o(i.refresh_lcd) refers to glcd_scroll.o(.bss) for chache
    glcd_spi_lpc1700.o(i.GLCD_Bargraph) refers to glcd_spi_lpc1700.o(i.GLCD_SetWindow) for GLCD_SetWindow
    glcd_spi_lpc1700.o(i.GLCD_Bargraph) refers to glcd_spi_lpc1700.o(i.wr_cmd) for wr_cmd
    glcd_spi_lpc1700.o(i.GLCD_Bargraph) refers to glcd_spi_lpc1700.o(i.wr_dat_start) for wr_dat_start
    glcd_spi_lpc1700.o(i.GLCD_Bargraph) refers to glcd_spi_lpc1700.o(i.wr_dat_only) for wr_dat_only
    glcd_spi_lpc1700.o(i.GLCD_Bargraph) refers to glcd_spi_lpc1700.o(i.wr_dat_stop) for wr_dat_stop
    glcd_spi_lpc1700.o(i.GLCD_Bargraph) refers to glcd_spi_lpc1700.o(.data) for Color
    glcd_spi_lpc1700.o(i.GLCD_Bitmap) refers to glcd_spi_lpc1700.o(i.GLCD_SetWindow) for GLCD_SetWindow
    glcd_spi_lpc1700.o(i.GLCD_Bitmap) refers to glcd_spi_lpc1700.o(i.wr_cmd) for wr_cmd
    glcd_spi_lpc1700.o(i.GLCD_Bitmap) refers to glcd_spi_lpc1700.o(i.wr_dat_start) for wr_dat_start
    glcd_spi_lpc1700.o(i.GLCD_Bitmap) refers to glcd_spi_lpc1700.o(i.wr_dat_only) for wr_dat_only
    glcd_spi_lpc1700.o(i.GLCD_Bitmap) refers to glcd_spi_lpc1700.o(i.wr_dat_stop) for wr_dat_stop
    glcd_spi_lpc1700.o(i.GLCD_Clear) refers to glcd_spi_lpc1700.o(i.GLCD_WindowMax) for GLCD_WindowMax
    glcd_spi_lpc1700.o(i.GLCD_Clear) refers to glcd_spi_lpc1700.o(i.wr_cmd) for wr_cmd
    glcd_spi_lpc1700.o(i.GLCD_Clear) refers to glcd_spi_lpc1700.o(i.wr_dat_start) for wr_dat_start
    glcd_spi_lpc1700.o(i.GLCD_Clear) refers to glcd_spi_lpc1700.o(i.wr_dat_only) for wr_dat_only
    glcd_spi_lpc1700.o(i.GLCD_Clear) refers to glcd_spi_lpc1700.o(i.wr_dat_stop) for wr_dat_stop
    glcd_spi_lpc1700.o(i.GLCD_ClearLn) refers to glcd_spi_lpc1700.o(i.GLCD_WindowMax) for GLCD_WindowMax
    glcd_spi_lpc1700.o(i.GLCD_ClearLn) refers to glcd_spi_lpc1700.o(i.GLCD_DisplayString) for GLCD_DisplayString
[...]
    Removing rtx_mempool.o(.text.osMemoryPoolFree), (72 bytes).
    Removing rtx_mempool.o(.ARM.exidx.text.osMemoryPoolFree), (8 bytes).
    Removing rtx_mempool.o(.text.osMemoryPoolGetCapacity), (48 bytes).
    Removing rtx_mempool.o(.ARM.exidx.text.osMemoryPoolGetCapacity), (8 bytes).
    Removing rtx_mempool.o(.text.svcRtxMemoryPoolGetCapacity), (16 bytes).
    Removing rtx_mempool.o(.ARM.exidx.text.svcRtxMemoryPoolGetCapacity), (8 bytes).
    Removing rtx_mempool.o(.text.osMemoryPoolGetBlockSize), (48 bytes).
    Removing rtx_mempool.o(.ARM.exidx.text.osMemoryPoolGetBlockSize), (8 bytes).
    Removing rtx_mempool.o(.text.svcRtxMemoryPoolGetBlockSize), (16 bytes).
    Removing rtx_mempool.o(.ARM.exidx.text.svcRtxMemoryPoolGetBlockSize), (8 bytes).
    Removing rtx_mempool.o(.text.osMemoryPoolGetCount), (48 bytes).
    Removing rtx_mempool.o(.ARM.exidx.text.osMemoryPoolGetCount), (8 bytes).
    Removing rtx_mempool.o(.text.svcRtxMemoryPoolGetCount), (16 bytes).
    Removing rtx_mempool.o(.ARM.exidx.text.svcRtxMemoryPoolGetCount), (8 bytes).
    Removing rtx_mempool.o(.text.osMemoryPoolGetSpace), (36 bytes).
    Removing rtx_mempool.o(.ARM.exidx.text.osMemoryPoolGetSpace), (8 bytes).
    Removing rtx_mempool.o(.text.svcRtxMemoryPoolGetSpace), (20 bytes).
    Removing rtx_mempool.o(.ARM.exidx.text.svcRtxMemoryPoolGetSpace), (8 bytes).
    Removing rtx_mempool.o(.text.osMemoryPoolDelete), (36 bytes).
    Removing rtx_mempool.o(.ARM.exidx.text.osMemoryPoolDelete), (8 bytes).
    Removing rtx_mempool.o(.text.svcRtxMemoryPoolNew), (312 bytes).
    Removing rtx_mempool.o(.ARM.exidx.text.svcRtxMemoryPoolNew), (8 bytes).
    Removing rtx_mempool.o(.text.osRtxMemoryPoolPostProcess), (72 bytes).
    Removing rtx_mempool.o(.ARM.exidx.text.osRtxMemoryPoolPostProcess), (8 bytes).
    Removing rtx_mempool.o(.text.svcRtxMemoryPoolGetName), (16 bytes).
    Removing rtx_mempool.o(.ARM.exidx.text.svcRtxMemoryPoolGetName), (8 bytes).
    Removing rtx_mempool.o(.text.svcRtxMemoryPoolAlloc), (92 bytes).
    Removing rtx_mempool.o(.ARM.exidx.text.svcRtxMemoryPoolAlloc), (8 bytes).
    Removing rtx_mempool.o(.text.svcRtxMemoryPoolFree), (100 bytes).
    Removing rtx_mempool.o(.ARM.exidx.text.svcRtxMemoryPoolFree), (8 bytes).
    Removing rtx_mempool.o(.text.svcRtxMemoryPoolDelete), (108 bytes).
    Removing rtx_mempool.o(.ARM.exidx.text.svcRtxMemoryPoolDelete), (8 bytes).
    Removing rtx_msgqueue.o(.text), (0 bytes).
    Removing rtx_msgqueue.o(.ARM.exidx.text.osRtxMessageQueueTimerSetup), (8 bytes).
    Removing rtx_msgqueue.o(.ARM.exidx.text.svcRtxMessageQueueNew), (8 bytes).
    Removing rtx_msgqueue.o(.text.osMessageQueueNew), (36 bytes).
    Removing rtx_msgqueue.o(.ARM.exidx.text.osMessageQueueNew), (8 bytes).
    Removing rtx_msgqueue.o(.text.osMessageQueueGetName), (36 bytes).
    Removing rtx_msgqueue.o(.ARM.exidx.text.osMessageQueueGetName), (8 bytes).
    Removing rtx_msgqueue.o(.ARM.exidx.text.osMessageQueuePut), (8 bytes).
    Removing rtx_msgqueue.o(.ARM.exidx.text.osMessageQueueGet), (8 bytes).
    Removing rtx_msgqueue.o(.text.osMessageQueueGetCapacity), (48 bytes).
    Removing rtx_msgqueue.o(.ARM.exidx.text.osMessageQueueGetCapacity), (8 bytes).
    Removing rtx_msgqueue.o(.text.svcRtxMessageQueueGetCapacity), (16 bytes).
    Removing rtx_msgqueue.o(.ARM.exidx.text.svcRtxMessageQueueGetCapacity), (8 bytes).
    Removing rtx_msgqueue.o(.text.osMessageQueueGetMsgSize), (48 bytes).
    Removing rtx_msgqueue.o(.ARM.exidx.text.osMessageQueueGetMsgSize), (8 bytes).
    Removing rtx_msgqueue.o(.text.svcRtxMessageQueueGetMsgSize), (16 bytes).
    Removing rtx_msgqueue.o(.ARM.exidx.text.svcRtxMessageQueueGetMsgSize), (8 bytes).
    Removing rtx_msgqueue.o(.text.osMessageQueueGetCount), (48 bytes).
    Removing rtx_msgqueue.o(.ARM.exidx.text.osMessageQueueGetCount), (8 bytes).
    Removing rtx_msgqueue.o(.text.svcRtxMessageQueueGetCount), (16 bytes).
    Removing rtx_msgqueue.o(.ARM.exidx.text.svcRtxMessageQueueGetCount), (8 bytes).
    Removing rtx_msgqueue.o(.text.osMessageQueueGetSpace), (36 bytes).
    Removing rtx_msgqueue.o(.ARM.exidx.text.osMessageQueueGetSpace), (8 bytes).
    Removing rtx_msgqueue.o(.text.svcRtxMessageQueueGetSpace), (20 bytes).
    Removing rtx_msgqueue.o(.ARM.exidx.text.svcRtxMessageQueueGetSpace), (8 bytes).
    Removing rtx_msgqueue.o(.text.osMessageQueueReset), (36 bytes).
    Removing rtx_msgqueue.o(.ARM.exidx.text.osMessageQueueReset), (8 bytes).
    Removing rtx_msgqueue.o(.text.osMessageQueueDelete), (36 bytes).
    Removing rtx_msgqueue.o(.ARM.exidx.text.osMessageQueueDelete), (8 bytes).
    Removing rtx_msgqueue.o(.ARM.exidx.text.osRtxMessageQueuePostProcess), (8 bytes).
    Removing rtx_msgqueue.o(.ARM.exidx.text.MessageQueueRemove), (8 bytes).
    Removing rtx_msgqueue.o(.ARM.exidx.text.MessageQueuePut), (8 bytes).
    Removing rtx_msgqueue.o(.text.svcRtxMessageQueueGetName), (16 bytes).
    Removing rtx_msgqueue.o(.ARM.exidx.text.svcRtxMessageQueueGetName), (8 bytes).
    Removing rtx_msgqueue.o(.ARM.exidx.text.svcRtxMessageQueuePut), (8 bytes).
    Removing rtx_msgqueue.o(.ARM.exidx.text.MessageQueueGet), (8 bytes).
    Removing rtx_msgqueue.o(.ARM.exidx.text.svcRtxMessageQueueGet), (8 bytes).
    Removing rtx_msgqueue.o(.text.svcRtxMessageQueueReset), (168 bytes).
    Removing rtx_msgqueue.o(.ARM.exidx.text.svcRtxMessageQueueReset), (8 bytes).
    Removing rtx_msgqueue.o(.text.svcRtxMessageQueueDelete), (112 bytes).
    Removing rtx_msgqueue.o(.ARM.exidx.text.svcRtxMessageQueueDelete), (8 bytes).
    Removing rtx_msgqueue.o(.ARM.exidx.text.OUTLINED_FUNCTION_0), (8 bytes).
    Removing rtx_system.o(.text), (0 bytes).
    Removing rtx_system.o(.ARM.exidx.text.osRtxTick_Handler), (8 bytes).
    Removing rtx_system.o(.ARM.exidx.text.osRtxPendSV_Handler), (8 bytes).
    Removing rtx_system.o(.ARM.exidx.text.osRtxPostProcess), (8 bytes).
    Removing os_systick.o(.text), (0 bytes).
    Removing os_systick.o(.ARM.exidx.text.OS_Tick_Setup), (8 bytes).
    Removing os_systick.o(.ARM.exidx.text.OS_Tick_Enable), (8 bytes).
    Removing os_systick.o(.text.OS_Tick_Disable), (44 bytes).
    Removing os_systick.o(.ARM.exidx.text.OS_Tick_Disable), (8 bytes).
    Removing os_systick.o(.ARM.exidx.text.OS_Tick_AcknowledgeIRQ), (8 bytes).
    Removing os_systick.o(.ARM.exidx.text.OS_Tick_GetIRQn), (8 bytes).
    Removing os_systick.o(.text.OS_Tick_GetClock), (12 bytes).
    Removing os_systick.o(.ARM.exidx.text.OS_Tick_GetClock), (8 bytes).
    Removing os_systick.o(.text.OS_Tick_GetInterval), (12 bytes).
    Removing os_systick.o(.ARM.exidx.text.OS_Tick_GetInterval), (8 bytes).
    Removing os_systick.o(.text.OS_Tick_GetCount), (16 bytes).
    Removing os_systick.o(.ARM.exidx.text.OS_Tick_GetCount), (8 bytes).
    Removing os_systick.o(.text.OS_Tick_GetOverflow), (16 bytes).
    Removing os_systick.o(.ARM.exidx.text.OS_Tick_GetOverflow), (8 bytes).
    Removing dadd.o(.text), (334 bytes).
    Removing dmul.o(.text), (228 bytes).
    Removing ddiv.o(.text), (222 bytes).
    Removing dfixul.o(.text), (48 bytes).
    Removing cdrcmple.o(.text), (48 bytes).
    Removing depilogue.o(.text), (186 bytes).

402 unused section(s) (total 18215 bytes) removed from the image.

==============================================================================

Image Symbol Table

    Local Symbols

    Symbol Name                              Value     Ov Type        Size  Object(Section)

    RESET                                    0x00000000   Section      204  startup_lpc17xx.o(RESET)
    ../clib/../cmprslib/zerorunl2.c          0x00000000   Number         0  __dczerorl2.o ABSOLUTE
    ../clib/microlib/division.c              0x00000000   Number         0  uldiv.o ABSOLUTE
    ../clib/microlib/division.c              0x00000000   Number         0  uidiv.o ABSOLUTE
    ../clib/microlib/init/entry.s            0x00000000   Number         0  entry12b.o ABSOLUTE
    ../clib/microlib/init/entry.s            0x00000000   Number         0  entry11a.o ABSOLUTE
    ../clib/microlib/init/entry.s            0x00000000   Number         0  entry5.o ABSOLUTE
    ../clib/microlib/init/entry.s            0x00000000   Number         0  entry10a.o ABSOLUTE
    ../clib/microlib/init/entry.s            0x00000000   Number         0  entry9b.o ABSOLUTE
    ../clib/microlib/init/entry.s            0x00000000   Number         0  entry.o ABSOLUTE
    ../clib/microlib/init/entry.s            0x00000000   Number         0  entry9a.o ABSOLUTE
    ../clib/microlib/init/entry.s            0x00000000   Number         0  entry8b.o ABSOLUTE
    ../clib/microlib/init/entry.s            0x00000000   Number         0  entry8a.o ABSOLUTE
    ../clib/microlib/init/entry.s            0x00000000   Number         0  entry10b.o ABSOLUTE
    ../clib/microlib/init/entry.s            0x00000000   Number         0  entry2.o ABSOLUTE
    ../clib/microlib/init/entry.s            0x00000000   Number         0  entry7b.o ABSOLUTE
    ../clib/microlib/init/entry.s            0x00000000   Number         0  entry7a.o ABSOLUTE
    ../clib/microlib/init/entry.s            0x00000000   Number         0  entry12a.o ABSOLUTE
    ../clib/microlib/init/entry.s            0x00000000   Number         0  entry11b.o ABSOLUTE
    ../clib/microlib/longlong.c              0x00000000   Number         0  llsshr.o ABSOLUTE
    ../clib/microlib/longlong.c              0x00000000   Number         0  llushr.o ABSOLUTE
    ../clib/microlib/longlong.c              0x00000000   Number         0  llshl.o ABSOLUTE
    ../clib/microlib/malloc/malloc.c         0x00000000   Number         0  malloca.o ABSOLUTE
    ../clib/microlib/malloc/malloc.c         0x00000000   Number         0  mallocra.o ABSOLUTE
    ../clib/microlib/malloc/malloc.c         0x00000000   Number         0  mallocr.o ABSOLUTE
    ../clib/microlib/malloc/malloc.c         0x00000000   Number         0  malloc.o ABSOLUTE
    ../clib/microlib/malloc/mvars.c          0x00000000   Number         0  mvars.o ABSOLUTE
    ../clib/microlib/printf/printf.c         0x00000000   Number         0  printf5.o ABSOLUTE
    ../clib/microlib/printf/printf.c         0x00000000   Number         0  printf4.o ABSOLUTE
    ../clib/microlib/printf/printf.c         0x00000000   Number         0  printf3.o ABSOLUTE
    ../clib/microlib/printf/printf.c         0x00000000   Number         0  printf2.o ABSOLUTE
    ../clib/microlib/printf/printf.c         0x00000000   Number         0  printf1.o ABSOLUTE
    ../clib/microlib/printf/printf.c         0x00000000   Number         0  printf0.o ABSOLUTE
    ../clib/microlib/printf/printf.c         0x00000000   Number         0  printfb.o ABSOLUTE
    ../clib/microlib/printf/printf.c         0x00000000   Number         0  printfa.o ABSOLUTE
    ../clib/microlib/printf/printf.c         0x00000000   Number         0  printf8.o ABSOLUTE
    ../clib/microlib/printf/printf.c         0x00000000   Number         0  printf7.o ABSOLUTE
    ../clib/microlib/printf/printf.c         0x00000000   Number         0  printf6.o ABSOLUTE
    ../clib/microlib/stdlib/rand.c           0x00000000   Number         0  rand.o ABSOLUTE
    ../clib/microlib/string/memcpy.c         0x00000000   Number         0  memcpya.o ABSOLUTE
    ../clib/microlib/string/memcpy.c         0x00000000   Number         0  memcpyb.o ABSOLUTE
    ../clib/microlib/string/memset.c         0x00000000   Number         0  memseta.o ABSOLUTE
    ../clib/microlib/stubs.s                 0x00000000   Number         0  iusefp.o ABSOLUTE
    ../fplib/microlib/fpadd.c                0x00000000   Number         0  dadd.o ABSOLUTE
    ../fplib/microlib/fpdiv.c                0x00000000   Number         0  ddiv.o ABSOLUTE
    ../fplib/microlib/fpepilogue.c           0x00000000   Number         0  depilogue.o ABSOLUTE
    ../fplib/microlib/fpfix.c                0x00000000   Number         0  dfixul.o ABSOLUTE
    ../fplib/microlib/fpmul.c                0x00000000   Number         0  dmul.o ABSOLUTE
    C:\Users\tienb\AppData\Local\Arm\Packs\ARM\CMSIS\5.8.0\CMSIS\RTOS2\RTX\Source\rtx_lib.c 0x00000000   Number         0  rtx_lib.o ABSOLUTE
    C:\\Users\\tienb\\AppData\\Local\\Arm\\Packs\\ARM\\CMSIS\\5.8.0\\CMSIS\\RTOS2\\RTX\\Source\\rtx_lib.c 0x00000000   Number         0  rtx_lib.o ABSOLUTE
    FPU_USED                                 0x00000000   Number         0  irq_armv7m.o ABSOLUTE
    GLCD_SPI_LPC1700.c                       0x00000000   Number         0  glcd_spi_lpc1700.o ABSOLUTE
    GLCD_SPI_LPC1700.c                       0x00000000   Number         0  glcd_spi_lpc1700.o ABSOLUTE
    GLCD_Scroll.c                            0x00000000   Number         0  glcd_scroll.o ABSOLUTE
    GLCD_Scroll.c                            0x00000000   Number         0  glcd_scroll.o ABSOLUTE
    RTE\CMSIS\RTX_Config.c                   0x00000000   Number         0  rtx_config.o ABSOLUTE
    RTE\Device\LPC1768\startup_LPC17xx.s     0x00000000   Number         0  startup_lpc17xx.o ABSOLUTE
    RTE\Device\LPC1768\system_LPC17xx.c      0x00000000   Number         0  system_lpc17xx.o ABSOLUTE
    RTE\\CMSIS\\RTX_Config.c                 0x00000000   Number         0  rtx_config.o ABSOLUTE
    RTE\\Device\\LPC1768\\system_LPC17xx.c   0x00000000   Number         0  system_lpc17xx.o ABSOLUTE
    Retarget.c                               0x00000000   Number         0  retarget.o ABSOLUTE
    cdrcmple.s                               0x00000000   Number         0  cdrcmple.o ABSOLUTE
    dc.s                                     0x00000000   Number         0  dc.o ABSOLUTE
    gameLogic.c                              0x00000000   Number         0  gamelogic.o ABSOLUTE
    gameLogic.c                              0x00000000   Number         0  gamelogic.o ABSOLUTE
    handlers.s                               0x00000000   Number         0  handlers.o ABSOLUTE
    init.s                                   0x00000000   Number         0  init.o ABSOLUTE
    os_systick.c                             0x00000000   Number         0  os_systick.o ABSOLUTE
    p2_main.c                                0x00000000   Number         0  p2_main.o ABSOLUTE
    p2_main.c                                0x00000000   Number         0  p2_main.o ABSOLUTE
    rtx_delay.c                              0x00000000   Number         0  rtx_delay.o ABSOLUTE
    rtx_kernel.c                             0x00000000   Number         0  rtx_kernel.o ABSOLUTE
    rtx_memory.c                             0x00000000   Number         0  rtx_memory.o ABSOLUTE
    rtx_mempool.c                            0x00000000   Number         0  rtx_mempool.o ABSOLUTE
    rtx_msgqueue.c                           0x00000000   Number         0  rtx_msgqueue.o ABSOLUTE
    rtx_mutex.c                              0x00000000   Number         0  rtx_mutex.o ABSOLUTE
    rtx_system.c                             0x00000000   Number         0  rtx_system.o ABSOLUTE
    rtx_thread.c                             0x00000000   Number         0  rtx_thread.o ABSOLUTE
    rtx_timer.c                              0x00000000   Number         0  rtx_timer.o ABSOLUTE
    spece.c                                  0x00000000   Number         0  spece.o ABSOLUTE
    uart.c                                   0x00000000   Number         0  uart.o ABSOLUTE
    uart.c                                   0x00000000   Number         0  uart.o ABSOLUTE
    osRtxErrorStackOverflow                  0x00000001   Number         0  irq_armv7m.o ABSOLUTE
    I_T_RUN_OFS                              0x00000014   Number         0  irq_armv7m.o ABSOLUTE
    TCB_SF_OFS                               0x00000022   Number         0  irq_armv7m.o ABSOLUTE
    TCB_SP_OFS                               0x00000038   Number         0  irq_armv7m.o ABSOLUTE
    .ARM.Collect$$$$00000000                 0x000000cc   Section        0  entry.o(.ARM.Collect$$$$00000000)
    .ARM.Collect$$$$00000001                 0x000000cc   Section        4  entry2.o(.ARM.Collect$$$$00000001)
    .ARM.Collect$$$$00000004                 0x000000d0   Section        4  entry5.o(.ARM.Collect$$$$00000004)
    .ARM.Collect$$$$00000008                 0x000000d4   Section        0  entry7b.o(.ARM.Collect$$$$00000008)
    .ARM.Collect$$$$0000000A                 0x000000d4   Section        0  entry8b.o(.ARM.Collect$$$$0000000A)
    .ARM.Collect$$$$0000000B                 0x000000d4   Section        8  entry9a.o(.ARM.Collect$$$$0000000B)
    .ARM.Collect$$$$0000000E                 0x000000dc   Section        4  entry12b.o(.ARM.Collect$$$$0000000E)
    .ARM.Collect$$$$0000000F                 0x000000e0   Section        0  entry10a.o(.ARM.Collect$$$$0000000F)
    .ARM.Collect$$$$00000011                 0x000000e0   Section        0  entry11a.o(.ARM.Collect$$$$00000011)
    .ARM.Collect$$$$00002712                 0x000000e0   Section        4  entry2.o(.ARM.Collect$$$$00002712)
    __lit__00000000                          0x000000e0   Data           4  entry2.o(.ARM.Collect$$$$00002712)
    .text                                    0x000000e4   Section       36  startup_lpc17xx.o(.text)
    [Anonymous Symbol]                       0x00000108   Section        0  irq_armv7m.o(.text)
    SVC_Context                              0x00000130   Number         0  irq_armv7m.o(.text)
    SVC_ContextSave                          0x00000140   Number         0  irq_armv7m.o(.text)
    SVC_ContextRestore                       0x00000148   Number         0  irq_armv7m.o(.text)
    SVC_Exit                                 0x00000156   Number         0  irq_armv7m.o(.text)
    SVC_User                                 0x00000158   Number         0  irq_armv7m.o(.text)
    .text                                    0x0000019c   Section        0  rand.o(.text)
    .text                                    0x000001c0   Section        0  memcpya.o(.text)
    .text                                    0x000001e4   Section        0  memseta.o(.text)
    .text                                    0x00000208   Section       36  init.o(.text)
    .text                                    0x0000022c   Section        0  __dczerorl2.o(.text)
    [Anonymous Symbol]                       0x00000282   Section        0  rtx_msgqueue.o(.text.MessageQueueGet)
    MessageQueueGet                          0x00000283   Thumb Code    64  rtx_msgqueue.o(.text.MessageQueueGet)
    [Anonymous Symbol]                       0x000002c2   Section        0  rtx_msgqueue.o(.text.MessageQueueRemove)
    MessageQueueRemove                       0x000002c3   Thumb Code    28  rtx_msgqueue.o(.text.MessageQueueRemove)
    [Anonymous Symbol]                       0x000002e0   Section        0  os_systick.o(.text.OS_Tick_AcknowledgeIRQ)
    __arm_cp.3_0                             0x000002e8   Number         4  os_systick.o(.text.OS_Tick_AcknowledgeIRQ)
    [Anonymous Symbol]                       0x000002ec   Section        0  os_systick.o(.text.OS_Tick_GetIRQn)
    [Anonymous Symbol]                       0x000002f2   Section        0  rtx_thread.o(.text.OUTLINED_FUNCTION_0)
    OUTLINED_FUNCTION_0                      0x000002f3   Thumb Code     6  rtx_thread.o(.text.OUTLINED_FUNCTION_0)
    [Anonymous Symbol]                       0x000002f8   Section        0  rtx_kernel.o(.text.osRtxKernelErrorNotify)
    .ARM.__at_0x02FC                         0x000002fc   Section        4  startup_lpc17xx.o(.ARM.__at_0x02FC)
    [Anonymous Symbol]                       0x00000300   Section        0  rtx_msgqueue.o(.text.MessageQueuePut)
    MessageQueuePut                          0x00000301   Thumb Code    88  rtx_msgqueue.o(.text.MessageQueuePut)
    [Anonymous Symbol]                       0x00000358   Section        0  os_systick.o(.text.OS_Tick_Enable)
    __arm_cp.1_0                             0x00000378   Number         4  os_systick.o(.text.OS_Tick_Enable)
    __arm_cp.1_1                             0x0000037c   Number         4  os_systick.o(.text.OS_Tick_Enable)
    __arm_cp.1_2                             0x00000380   Number         4  os_systick.o(.text.OS_Tick_Enable)
    [Anonymous Symbol]                       0x00000384   Section        0  os_systick.o(.text.OS_Tick_Setup)
    __arm_cp.0_0                             0x000003b4   Number         4  os_systick.o(.text.OS_Tick_Setup)
    __arm_cp.0_1                             0x000003b8   Number         4  os_systick.o(.text.OS_Tick_Setup)
    __arm_cp.0_2                             0x000003bc   Number         4  os_systick.o(.text.OS_Tick_Setup)
    __arm_cp.0_3                             0x000003c0   Number         4  os_systick.o(.text.OS_Tick_Setup)
    [Anonymous Symbol]                       0x000003c4   Section        0  rtx_kernel.o(.text.OUTLINED_FUNCTION_0)
    OUTLINED_FUNCTION_0                      0x000003c5   Thumb Code    12  rtx_kernel.o(.text.OUTLINED_FUNCTION_0)
    [Anonymous Symbol]                       0x000003d0   Section        0  rtx_msgqueue.o(.text.OUTLINED_FUNCTION_0)
    OUTLINED_FUNCTION_0                      0x000003d1   Thumb Code    12  rtx_msgqueue.o(.text.OUTLINED_FUNCTION_0)
    [Anonymous Symbol]                       0x000003dc   Section        0  rtx_kernel.o(.text.OUTLINED_FUNCTION_1)
    OUTLINED_FUNCTION_1                      0x000003dd   Thumb Code     6  rtx_kernel.o(.text.OUTLINED_FUNCTION_1)
    [Anonymous Symbol]                       0x000003e2   Section        0  rtx_thread.o(.text.OUTLINED_FUNCTION_1)
    OUTLINED_FUNCTION_1                      0x000003e3   Thumb Code     6  rtx_thread.o(.text.OUTLINED_FUNCTION_1)
    [Anonymous Symbol]                       0x000003e8   Section        0  rtx_thread.o(.text.OUTLINED_FUNCTION_2)
    OUTLINED_FUNCTION_2                      0x000003e9   Thumb Code    20  rtx_thread.o(.text.OUTLINED_FUNCTION_2)
    [Anonymous Symbol]                       0x000003fc   Section        0  rtx_thread.o(.text.OUTLINED_FUNCTION_4)
    OUTLINED_FUNCTION_4                      0x000003fd   Thumb Code     8  rtx_thread.o(.text.OUTLINED_FUNCTION_4)
    [Anonymous Symbol]                       0x00000404   Section        0  rtx_thread.o(.text.ThreadFlagsCheck)
    ThreadFlagsCheck                         0x00000405   Thumb Code   100  rtx_thread.o(.text.ThreadFlagsCheck)
    [Anonymous Symbol]                       0x00000468   Section        0  rtx_timer.o(.text.TimerInsert)
    TimerInsert                              0x00000469   Thumb Code    68  rtx_timer.o(.text.TimerInsert)
    __arm_cp.9_0                             0x000004ac   Number         4  rtx_timer.o(.text.TimerInsert)
    [Anonymous Symbol]                       0x000004b0   Section        0  rtx_delay.o(.text.osDelay)
    __arm_cp.0_0                             0x000004d0   Number         4  rtx_delay.o(.text.osDelay)
    [Anonymous Symbol]                       0x000004d4   Section        0  rtx_kernel.o(.text.osKernelInitialize)
    __arm_cp.2_0                             0x000004fc   Number         4  rtx_kernel.o(.text.osKernelInitialize)
    [Anonymous Symbol]                       0x00000500   Section        0  rtx_kernel.o(.text.osKernelStart)
    __arm_cp.7_0                             0x00000520   Number         4  rtx_kernel.o(.text.osKernelStart)
    [Anonymous Symbol]                       0x00000524   Section        0  rtx_msgqueue.o(.text.osMessageQueueGet)
    __arm_cp.5_0                             0x00000590   Number         4  rtx_msgqueue.o(.text.osMessageQueueGet)
    [Anonymous Symbol]                       0x00000594   Section        0  rtx_msgqueue.o(.text.osMessageQueuePut)
    __arm_cp.4_0                             0x00000610   Number         4  rtx_msgqueue.o(.text.osMessageQueuePut)
    [Anonymous Symbol]                       0x00000614   Section        0  rtx_kernel.o(.text.osRtxKernelPreInit)
    [Anonymous Symbol]                       0x00000616   Section        0  rtx_memory.o(.text.osRtxMemoryAlloc)
    [Anonymous Symbol]                       0x00000682   Section        0  rtx_memory.o(.text.osRtxMemoryFree)
    [Anonymous Symbol]                       0x000006c4   Section        0  rtx_memory.o(.text.osRtxMemoryInit)
    [Anonymous Symbol]                       0x000006fa   Section        0  rtx_mempool.o(.text.osRtxMemoryPoolAlloc)
    [Anonymous Symbol]                       0x00000734   Section        0  rtx_mempool.o(.text.osRtxMemoryPoolFree)
    [Anonymous Symbol]                       0x0000077e   Section        0  rtx_mempool.o(.text.osRtxMemoryPoolInit)
    [Anonymous Symbol]                       0x000007b6   Section        0  rtx_msgqueue.o(.text.osRtxMessageQueuePostProcess)
    osRtxMessageQueuePostProcess             0x000007b7   Thumb Code   170  rtx_msgqueue.o(.text.osRtxMessageQueuePostProcess)
    [Anonymous Symbol]                       0x00000860   Section        0  rtx_msgqueue.o(.text.osRtxMessageQueueTimerSetup)
    __arm_cp.0_0                             0x00000880   Number         4  rtx_msgqueue.o(.text.osRtxMessageQueueTimerSetup)
    __arm_cp.0_1                             0x00000884   Number         4  rtx_msgqueue.o(.text.osRtxMessageQueueTimerSetup)
    [Anonymous Symbol]                       0x00000888   Section        0  rtx_mutex.o(.text.osRtxMutexOwnerRelease)
    [Anonymous Symbol]                       0x000008d0   Section        0  rtx_mutex.o(.text.osRtxMutexOwnerRestore)
    [Anonymous Symbol]                       0x00000914   Section        0  rtx_system.o(.text.osRtxPendSV_Handler)
    __arm_cp.1_0                             0x0000099c   Number         4  rtx_system.o(.text.osRtxPendSV_Handler)
    [Anonymous Symbol]                       0x000009a0   Section        0  rtx_system.o(.text.osRtxPostProcess)
    __arm_cp.2_0                             0x00000a0c   Number         4  rtx_system.o(.text.osRtxPostProcess)
    __arm_cp.2_1                             0x00000a10   Number         4  rtx_system.o(.text.osRtxPostProcess)
    [Anonymous Symbol]                       0x00000a14   Section        0  rtx_thread.o(.text.osRtxThreadBlock)
    osRtxThreadBlock                         0x00000a15   Thumb Code    52  rtx_thread.o(.text.osRtxThreadBlock)
    __arm_cp.10_0                            0x00000a48   Number         4  rtx_thread.o(.text.osRtxThreadBlock)
    [Anonymous Symbol]                       0x00000a4c   Section        0  rtx_thread.o(.text.osRtxThreadDelayInsert)
    osRtxThreadDelayInsert                   0x00000a4d   Thumb Code   124  rtx_thread.o(.text.osRtxThreadDelayInsert)
    __arm_cp.14_0                            0x00000ac8   Number         4  rtx_thread.o(.text.osRtxThreadDelayInsert)
    [Anonymous Symbol]                       0x00000acc   Section        0  rtx_thread.o(.text.osRtxThreadDelayRemove)
    osRtxThreadDelayRemove                   0x00000acd   Thumb Code    60  rtx_thread.o(.text.osRtxThreadDelayRemove)
    __arm_cp.12_0                            0x00000b08   Number         4  rtx_thread.o(.text.osRtxThreadDelayRemove)
    [Anonymous Symbol]                       0x00000b0c   Section        0  rtx_thread.o(.text.osRtxThreadDelayTick)
    __arm_cp.5_0                             0x00000b54   Number         4  rtx_thread.o(.text.osRtxThreadDelayTick)
    [Anonymous Symbol]                       0x00000b58   Section        0  rtx_thread.o(.text.osRtxThreadDestroy)
    osRtxThreadDestroy                       0x00000b59   Thumb Code    32  rtx_thread.o(.text.osRtxThreadDestroy)
    __arm_cp.56_0                            0x00000b78   Number         4  rtx_thread.o(.text.osRtxThreadDestroy)
    [Anonymous Symbol]                       0x00000b7c   Section        0  rtx_thread.o(.text.osRtxThreadDispatch)
    __arm_cp.9_0                             0x00000bcc   Number         4  rtx_thread.o(.text.osRtxThreadDispatch)
    [Anonymous Symbol]                       0x00000bd0   Section        0  rtx_thread.o(.text.osRtxThreadFree)
    osRtxThreadFree                          0x00000bd1   Thumb Code    84  rtx_thread.o(.text.osRtxThreadFree)
    __arm_cp.52_0                            0x00000c24   Number         4  rtx_thread.o(.text.osRtxThreadFree)
    [Anonymous Symbol]                       0x00000c28   Section        0  rtx_thread.o(.text.osRtxThreadJoinWakeup)
    osRtxThreadJoinWakeup                    0x00000c29   Thumb Code    30  rtx_thread.o(.text.osRtxThreadJoinWakeup)
    [Anonymous Symbol]                       0x00000c46   Section        0  rtx_thread.o(.text.osRtxThreadListGet)
    [Anonymous Symbol]                       0x00000c58   Section        0  rtx_thread.o(.text.osRtxThreadListPut)
    [Anonymous Symbol]                       0x00000c84   Section        0  rtx_thread.o(.text.osRtxThreadListRemove)
    [Anonymous Symbol]                       0x00000c98   Section        0  rtx_thread.o(.text.osRtxThreadListRoot)
    osRtxThreadListRoot                      0x00000c99   Thumb Code    12  rtx_thread.o(.text.osRtxThreadListRoot)
    [Anonymous Symbol]                       0x00000ca4   Section        0  rtx_thread.o(.text.osRtxThreadListSort)
    [Anonymous Symbol]                       0x00000cca   Section        0  rtx_thread.o(.text.osRtxThreadPostProcess)
    osRtxThreadPostProcess                   0x00000ccb   Thumb Code    40  rtx_thread.o(.text.osRtxThreadPostProcess)
    [Anonymous Symbol]                       0x00000cf4   Section        0  rtx_thread.o(.text.osRtxThreadReadyPut)
    __arm_cp.4_0                             0x00000d04   Number         4  rtx_thread.o(.text.osRtxThreadReadyPut)
    [Anonymous Symbol]                       0x00000d08   Section        0  rtx_thread.o(.text.osRtxThreadRegPtr)
    [Anonymous Symbol]                       0x00000d10   Section        0  rtx_thread.o(.text.osRtxThreadStartup)
    __arm_cp.15_0                            0x00000d40   Number         4  rtx_thread.o(.text.osRtxThreadStartup)
    __arm_cp.15_1                            0x00000d44   Number         4  rtx_thread.o(.text.osRtxThreadStartup)
    __arm_cp.15_2                            0x00000d48   Number         4  rtx_thread.o(.text.osRtxThreadStartup)
    [Anonymous Symbol]                       0x00000d4c   Section        0  rtx_thread.o(.text.osRtxThreadSwitch)
    __arm_cp.8_0                             0x00000d58   Number         4  rtx_thread.o(.text.osRtxThreadSwitch)
    [Anonymous Symbol]                       0x00000d5c   Section        0  rtx_thread.o(.text.osRtxThreadWaitEnter)
    __arm_cp.13_0                            0x00000d94   Number         4  rtx_thread.o(.text.osRtxThreadWaitEnter)
    [Anonymous Symbol]                       0x00000d98   Section        0  rtx_thread.o(.text.osRtxThreadWaitExit)
    [Anonymous Symbol]                       0x00000dbc   Section        0  rtx_system.o(.text.osRtxTick_Handler)
    __arm_cp.0_0                             0x00000e30   Number         4  rtx_system.o(.text.osRtxTick_Handler)
    [Anonymous Symbol]                       0x00000e34   Section        0  rtx_timer.o(.text.osRtxTimerSetup)
    __arm_cp.0_0                             0x00000e4c   Number         4  rtx_timer.o(.text.osRtxTimerSetup)
    __arm_cp.0_1                             0x00000e50   Number         4  rtx_timer.o(.text.osRtxTimerSetup)
    [Anonymous Symbol]                       0x00000e54   Section        0  rtx_timer.o(.text.osRtxTimerThread)
    [Anonymous Symbol]                       0x00000e74   Section        0  rtx_timer.o(.text.osRtxTimerTick)
    osRtxTimerTick                           0x00000e75   Thumb Code   108  rtx_timer.o(.text.osRtxTimerTick)
    __arm_cp.1_0                             0x00000ee0   Number         4  rtx_timer.o(.text.osRtxTimerTick)
    [Anonymous Symbol]                       0x00000ee4   Section        0  rtx_thread.o(.text.osThreadExit)
    __arm_cp.31_0                            0x00000eec   Number         4  rtx_thread.o(.text.osThreadExit)
    [Anonymous Symbol]                       0x00000ef0   Section        0  rtx_thread.o(.text.osThreadNew)
    __arm_cp.17_0                            0x00000f10   Number         4  rtx_thread.o(.text.osThreadNew)
    [Anonymous Symbol]                       0x00000f14   Section        0  rtx_thread.o(.text.osThreadTerminate)
    __arm_cp.32_0                            0x00000f34   Number         4  rtx_thread.o(.text.osThreadTerminate)
    [Anonymous Symbol]                       0x00000f38   Section        0  rtx_thread.o(.text.osThreadYield)
    __arm_cp.26_0                            0x00000f58   Number         4  rtx_thread.o(.text.osThreadYield)
    [Anonymous Symbol]                       0x00000f5c   Section        0  rtx_delay.o(.text.svcRtxDelay)
    svcRtxDelay                              0x00000f5d   Thumb Code    22  rtx_delay.o(.text.svcRtxDelay)
    [Anonymous Symbol]                       0x00000f74   Section        0  rtx_kernel.o(.text.svcRtxKernelInitialize)
    svcRtxKernelInitialize                   0x00000f75   Thumb Code   244  rtx_kernel.o(.text.svcRtxKernelInitialize)
    __arm_cp.21_0                            0x00001068   Number         4  rtx_kernel.o(.text.svcRtxKernelInitialize)
    __arm_cp.21_1                            0x0000106c   Number         4  rtx_kernel.o(.text.svcRtxKernelInitialize)
    __arm_cp.21_2                            0x00001070   Number         4  rtx_kernel.o(.text.svcRtxKernelInitialize)
    [Anonymous Symbol]                       0x00001074   Section        0  rtx_kernel.o(.text.svcRtxKernelStart)
    svcRtxKernelStart                        0x00001075   Thumb Code   120  rtx_kernel.o(.text.svcRtxKernelStart)
    __arm_cp.22_0                            0x000010ec   Number         4  rtx_kernel.o(.text.svcRtxKernelStart)
    __arm_cp.22_1                            0x000010f0   Number         4  rtx_kernel.o(.text.svcRtxKernelStart)
    __arm_cp.22_2                            0x000010f4   Number         4  rtx_kernel.o(.text.svcRtxKernelStart)
    __arm_cp.22_3                            0x000010f8   Number         4  rtx_kernel.o(.text.svcRtxKernelStart)
    [Anonymous Symbol]                       0x000010fc   Section        0  rtx_msgqueue.o(.text.svcRtxMessageQueueGet)
    svcRtxMessageQueueGet                    0x000010fd   Thumb Code   212  rtx_msgqueue.o(.text.svcRtxMessageQueueGet)
    __arm_cp.22_0                            0x000011d0   Number         4  rtx_msgqueue.o(.text.svcRtxMessageQueueGet)
    [Anonymous Symbol]                       0x000011d4   Section        0  rtx_msgqueue.o(.text.svcRtxMessageQueueNew)
    svcRtxMessageQueueNew                    0x000011d5   Thumb Code   272  rtx_msgqueue.o(.text.svcRtxMessageQueueNew)
    __arm_cp.1_0                             0x000012e4   Number         4  rtx_msgqueue.o(.text.svcRtxMessageQueueNew)
    __arm_cp.1_1                             0x000012e8   Number         4  rtx_msgqueue.o(.text.svcRtxMessageQueueNew)
    [Anonymous Symbol]                       0x000012ec   Section        0  rtx_msgqueue.o(.text.svcRtxMessageQueuePut)
    svcRtxMessageQueuePut                    0x000012ed   Thumb Code   176  rtx_msgqueue.o(.text.svcRtxMessageQueuePut)
    __arm_cp.20_0                            0x0000139c   Number         4  rtx_msgqueue.o(.text.svcRtxMessageQueuePut)
    [Anonymous Symbol]                       0x000013a0   Section        0  rtx_thread.o(.text.svcRtxThreadExit)
    svcRtxThreadExit                         0x000013a1   Thumb Code    72  rtx_thread.o(.text.svcRtxThreadExit)
    __arm_cp.54_0                            0x000013e8   Number         4  rtx_thread.o(.text.svcRtxThreadExit)
    [Anonymous Symbol]                       0x000013ec   Section        0  rtx_thread.o(.text.svcRtxThreadNew)
    svcRtxThreadNew                          0x000013ed   Thumb Code   472  rtx_thread.o(.text.svcRtxThreadNew)
    __arm_cp.16_0                            0x000015c4   Number         4  rtx_thread.o(.text.svcRtxThreadNew)
    __arm_cp.16_1                            0x000015c8   Number         4  rtx_thread.o(.text.svcRtxThreadNew)
    __arm_cp.16_2                            0x000015cc   Number         4  rtx_thread.o(.text.svcRtxThreadNew)
    __arm_cp.16_3                            0x000015d0   Number         4  rtx_thread.o(.text.svcRtxThreadNew)
    __arm_cp.16_4                            0x000015d4   Number         4  rtx_thread.o(.text.svcRtxThreadNew)
    [Anonymous Symbol]                       0x000015d8   Section        0  rtx_thread.o(.text.svcRtxThreadTerminate)
    svcRtxThreadTerminate                    0x000015d9   Thumb Code   132  rtx_thread.o(.text.svcRtxThreadTerminate)
    __arm_cp.57_0                            0x0000165c   Number         4  rtx_thread.o(.text.svcRtxThreadTerminate)
    [Anonymous Symbol]                       0x00001660   Section        0  rtx_thread.o(.text.svcRtxThreadYield)
    svcRtxThreadYield                        0x00001661   Thumb Code    52  rtx_thread.o(.text.svcRtxThreadYield)
    __arm_cp.47_0                            0x00001694   Number         4  rtx_thread.o(.text.svcRtxThreadYield)
    i.Free                                   0x00001698   Section        0  uart.o(i.Free)
    i.FreeRcv                                0x000016a0   Section        0  uart.o(i.FreeRcv)
    i.FreeSnd                                0x000016c4   Section        0  uart.o(i.FreeSnd)
    i.GLCD_Clear                             0x000016e8   Section        0  glcd_spi_lpc1700.o(i.GLCD_Clear)
    i.GLCD_Init                              0x00001714   Section        0  glcd_spi_lpc1700.o(i.GLCD_Init)
    i.GLCD_PutPixel                          0x00001cfc   Section        0  glcd_spi_lpc1700.o(i.GLCD_PutPixel)
    i.GLCD_SetTextColor                      0x00001d7c   Section        0  glcd_spi_lpc1700.o(i.GLCD_SetTextColor)
    i.GLCD_SetWindow                         0x00001d88   Section        0  glcd_spi_lpc1700.o(i.GLCD_SetWindow)
    i.GLCD_WindowMax                         0x00001e34   Section        0  glcd_spi_lpc1700.o(i.GLCD_WindowMax)
    i.SystemInit                             0x00001e48   Section        0  system_lpc17xx.o(i.SystemInit)
    i.UART0_IRQHandler                       0x00001f88   Section        0  uart.o(i.UART0_IRQHandler)
    i.UART1_IRQHandler                       0x00001ff0   Section        0  uart.o(i.UART1_IRQHandler)
    i.UARTInit                               0x00002060   Section        0  uart.o(i.UARTInit)
    i.UARTSendChar                           0x0000211c   Section        0  uart.o(i.UARTSendChar)
    i.__0printf$bare                         0x00002140   Section        0  printfb.o(i.__0printf$bare)
    i.__NVIC_EnableIRQ                       0x00002150   Section        0  uart.o(i.__NVIC_EnableIRQ)
    __NVIC_EnableIRQ                         0x00002151   Thumb Code    34  uart.o(i.__NVIC_EnableIRQ)
    i.__scatterload_copy                     0x00002172   Section       14  handlers.o(i.__scatterload_copy)
    i.__scatterload_null                     0x00002180   Section        2  handlers.o(i.__scatterload_null)
    i.__scatterload_zeroinit                 0x00002182   Section       14  handlers.o(i.__scatterload_zeroinit)
    i._printf_core                           0x00002190   Section        0  printfb.o(i._printf_core)
    _printf_core                             0x00002191   Thumb Code    34  printfb.o(i._printf_core)
    i.animate                                0x000021b4   Section        0  gamelogic.o(i.animate)
    i.checkCollision                         0x00002220   Section        0  spece.o(i.checkCollision)
    i.checkEndGame                           0x00002268   Section        0  gamelogic.o(i.checkEndGame)
    i.delay                                  0x000022dc   Section        0  glcd_spi_lpc1700.o(i.delay)
    delay                                    0x000022dd   Thumb Code    14  glcd_spi_lpc1700.o(i.delay)
    i.drawBigPixelAt                         0x000022ea   Section        0  spece.o(i.drawBigPixelAt)
    i.enemyShoot                             0x00002318   Section        0  gamelogic.o(i.enemyShoot)
    i.fputc                                  0x0000233c   Section        0  retarget.o(i.fputc)
    i.getFrequency                           0x0000234c   Section        0  uart.o(i.getFrequency)
    i.initializeActors                       0x00002394   Section        0  gamelogic.o(i.initializeActors)
    i.main                                   0x00002470   Section        0  p2_main.o(i.main)
    i.malloc                                 0x000024e8   Section        0  malloc.o(i.malloc)
    i.osRtxErrorNotify                       0x00002554   Section        0  rtx_config.o(i.osRtxErrorNotify)
    i.osRtxIdleThread                        0x00002574   Section        0  rtx_config.o(i.osRtxIdleThread)
    i.printEnemy                             0x00002578   Section        0  spece.o(i.printEnemy)
    i.printLaser                             0x000025a2   Section        0  spece.o(i.printLaser)
    i.printPlayer                            0x0000260c   Section        0  spece.o(i.printPlayer)
    i.printSpriteAt                          0x00002664   Section        0  spece.o(i.printSpriteAt)
    i.rd_id_man                              0x000026b8   Section        0  glcd_spi_lpc1700.o(i.rd_id_man)
    rd_id_man                                0x000026b9   Thumb Code   132  glcd_spi_lpc1700.o(i.rd_id_man)
    i.rd_reg                                 0x00002744   Section        0  glcd_spi_lpc1700.o(i.rd_reg)
    rd_reg                                   0x00002745   Thumb Code    66  glcd_spi_lpc1700.o(i.rd_reg)
    i.readPlayerInput                        0x0000278c   Section        0  gamelogic.o(i.readPlayerInput)
    i.sendchar                               0x00002808   Section        0  retarget.o(i.sendchar)
    i.spi_tran                               0x0000284c   Section        0  glcd_spi_lpc1700.o(i.spi_tran)
    spi_tran                                 0x0000284d   Thumb Code    28  glcd_spi_lpc1700.o(i.spi_tran)
    i.spi_tran_man                           0x0000286c   Section        0  glcd_spi_lpc1700.o(i.spi_tran_man)
    spi_tran_man                             0x0000286d   Thumb Code   124  glcd_spi_lpc1700.o(i.spi_tran_man)
    i.updateEnemyPosition                    0x000028ec   Section        0  spece.o(i.updateEnemyPosition)
    i.wr_cmd                                 0x00002954   Section        0  glcd_spi_lpc1700.o(i.wr_cmd)
    wr_cmd                                   0x00002955   Thumb Code    36  glcd_spi_lpc1700.o(i.wr_cmd)
    i.wr_dat                                 0x0000297c   Section        0  glcd_spi_lpc1700.o(i.wr_dat)
    wr_dat                                   0x0000297d   Thumb Code    36  glcd_spi_lpc1700.o(i.wr_dat)
    i.wr_dat_only                            0x000029a4   Section        0  glcd_spi_lpc1700.o(i.wr_dat_only)
    wr_dat_only                              0x000029a5   Thumb Code    18  glcd_spi_lpc1700.o(i.wr_dat_only)
    i.wr_dat_start                           0x000029b8   Section        0  glcd_spi_lpc1700.o(i.wr_dat_start)
    wr_dat_start                             0x000029b9   Thumb Code    16  glcd_spi_lpc1700.o(i.wr_dat_start)
    i.wr_dat_stop                            0x000029cc   Section        0  glcd_spi_lpc1700.o(i.wr_dat_stop)
    wr_dat_stop                              0x000029cd   Thumb Code     8  glcd_spi_lpc1700.o(i.wr_dat_stop)
    i.wr_reg                                 0x000029d8   Section        0  glcd_spi_lpc1700.o(i.wr_reg)
    wr_reg                                   0x000029d9   Thumb Code    20  glcd_spi_lpc1700.o(i.wr_reg)
    .constdata                               0x000029ec   Section      104  rtx_lib.o(.constdata)
    os_idle_thread_attr                      0x000029ec   Data          36  rtx_lib.o(.constdata)
    os_timer_thread_attr                     0x00002a10   Data          36  rtx_lib.o(.constdata)
    os_timer_mq_attr                         0x00002a34   Data          24  rtx_lib.o(.constdata)
    .rodata                                  0x00002a54   Section      168  rtx_lib.o(.rodata)
    __tagsym$$used                           0x00002a54   Number         0  rtx_lib.o(.rodata)
    __tagsym$$used                           0x00002ac4   Number         0  rtx_lib.o(.rodata)
    [Anonymous Symbol]                       0x00002b00   Section        0  rtx_kernel.o(.rodata.str1.4)
    .bss.os                                  0x10000000   Section     8128  rtx_lib.o(.bss.os)
    os_mem                                   0x10000000   Data        8096  rtx_lib.o(.bss.os)
    os_isr_queue                             0x10001fa0   Data          32  rtx_lib.o(.bss.os)
    .bss.os.msgqueue.cb                      0x10001fc0   Section       52  rtx_lib.o(.bss.os.msgqueue.cb)
    os_timer_mq_cb                           0x10001fc0   Data          52  rtx_lib.o(.bss.os.msgqueue.cb)
    .bss.os.msgqueue.mem                     0x10001ff4   Section       80  rtx_lib.o(.bss.os.msgqueue.mem)
    os_timer_mq_data                         0x10001ff4   Data          80  rtx_lib.o(.bss.os.msgqueue.mem)
    .bss.os.thread.cb                        0x10002044   Section      136  rtx_lib.o(.bss.os.thread.cb)
    os_idle_thread_cb                        0x10002044   Data          68  rtx_lib.o(.bss.os.thread.cb)
    os_timer_thread_cb                       0x10002088   Data          68  rtx_lib.o(.bss.os.thread.cb)
    .bss.os.thread.idle.stack                0x100020d0   Section      512  rtx_lib.o(.bss.os.thread.idle.stack)
    os_idle_thread_stack                     0x100020d0   Data         512  rtx_lib.o(.bss.os.thread.idle.stack)
    .bss.os.thread.timer.stack               0x100022d0   Section      512  rtx_lib.o(.bss.os.thread.timer.stack)
    os_timer_thread_stack                    0x100022d0   Data         512  rtx_lib.o(.bss.os.thread.timer.stack)
    .data                                    0x100024d0   Section        5  glcd_spi_lpc1700.o(.data)
    Color                                    0x100024d0   Data           4  glcd_spi_lpc1700.o(.data)
    Himax                                    0x100024d4   Data           1  glcd_spi_lpc1700.o(.data)
    .data                                    0x100024d8   Section       12  retarget.o(.data)
    .data                                    0x100024e4   Section       32  uart.o(.data)
    .data                                    0x10002504   Section       20  p2_main.o(.data)
    .data                                    0x10002518   Section       18  gamelogic.o(.data)
    .data                                    0x1000252c   Section        4  system_lpc17xx.o(.data)
    .data                                    0x10002530   Section        4  rand.o(.data)
    _rand_state                              0x10002530   Data           4  rand.o(.data)
    .data                                    0x10002534   Section        4  mvars.o(.data)
    .data                                    0x10002538   Section        4  mvars.o(.data)
    .bss                                     0x100025e0   Section      128  uart.o(.bss)
    [Anonymous Symbol]                       0x10002660   Section        0  os_systick.o(.bss.os)
    PendST                                   0x10002660   Data           1  os_systick.o(.bss.os)
    HEAP                                     0x10002668   Section     8192  startup_lpc17xx.o(HEAP)
    STACK                                    0x10004668   Section     8192  startup_lpc17xx.o(STACK)
    FPCCR                                    0xe000ef34   Number         0  irq_armv7m.o ABSOLUTE

    Global Symbols

    Symbol Name                              Value     Ov Type        Size  Object(Section)

    BuildAttributes$$THM_ISAv4$P$D$K$B$S$PE$A:L22UL41UL21$X:L11$S22US41US21$IEEE1$IW$USESV6$~STKCKD$USESV7$~SHL$OSPACE$ROPI$EBA8$MICROLIB$REQ8$PRES8$EABIv2 0x00000000   Number         0  anon$$obj.o ABSOLUTE
    __ARM_use_no_argv                        0x00000000   Number         0  p2_main.o ABSOLUTE
    __Vectors                                0x00000000   Data           4  startup_lpc17xx.o(RESET)
    .bss.os.evflags.cb$$Base                  - Undefined Weak Reference
    .bss.os.evflags.cb$$Limit                 - Undefined Weak Reference
    .bss.os.mempool.cb$$Base                  - Undefined Weak Reference
    .bss.os.mempool.cb$$Limit                 - Undefined Weak Reference
    .bss.os.mutex.cb$$Base                    - Undefined Weak Reference
    .bss.os.mutex.cb$$Limit                   - Undefined Weak Reference
    .bss.os.semaphore.cb$$Base                - Undefined Weak Reference
    .bss.os.semaphore.cb$$Limit               - Undefined Weak Reference
    .bss.os.timer.cb$$Base                    - Undefined Weak Reference
    .bss.os.timer.cb$$Limit                   - Undefined Weak Reference
    __arm_fini_                               - Undefined Weak Reference
    __cpp_initialize__aeabi_                  - Undefined Weak Reference
    __cxa_finalize                            - Undefined Weak Reference
    _clock_init                               - Undefined Weak Reference
    _microlib_exit                            - Undefined Weak Reference
    __main                                   0x000000cd   Thumb Code     0  entry.o(.ARM.Collect$$$$00000000)
    _main_stk                                0x000000cd   Thumb Code     0  entry2.o(.ARM.Collect$$$$00000001)
    _main_scatterload                        0x000000d1   Thumb Code     0  entry5.o(.ARM.Collect$$$$00000004)
    __main_after_scatterload                 0x000000d5   Thumb Code     0  entry5.o(.ARM.Collect$$$$00000004)
    _main_clock                              0x000000d5   Thumb Code     0  entry7b.o(.ARM.Collect$$$$00000008)
    _main_cpp_init                           0x000000d5   Thumb Code     0  entry8b.o(.ARM.Collect$$$$0000000A)
    _main_init                               0x000000d5   Thumb Code     0  entry9a.o(.ARM.Collect$$$$0000000B)
    __rt_lib_shutdown_fini                   0x000000dd   Thumb Code     0  entry12b.o(.ARM.Collect$$$$0000000E)
    __rt_final_cpp                           0x000000e1   Thumb Code     0  entry10a.o(.ARM.Collect$$$$0000000F)
    __rt_final_exit                          0x000000e1   Thumb Code     0  entry11a.o(.ARM.Collect$$$$00000011)
    Reset_Handler                            0x000000e5   Thumb Code     8  startup_lpc17xx.o(.text)
    NMI_Handler                              0x000000ed   Thumb Code     2  startup_lpc17xx.o(.text)
    HardFault_Handler                        0x000000ef   Thumb Code     2  startup_lpc17xx.o(.text)
    MemManage_Handler                        0x000000f1   Thumb Code     2  startup_lpc17xx.o(.text)
    BusFault_Handler                         0x000000f3   Thumb Code     2  startup_lpc17xx.o(.text)
    UsageFault_Handler                       0x000000f5   Thumb Code     2  startup_lpc17xx.o(.text)
    DebugMon_Handler                         0x000000f9   Thumb Code     2  startup_lpc17xx.o(.text)
    ADC_IRQHandler                           0x000000ff   Thumb Code     0  startup_lpc17xx.o(.text)
    BOD_IRQHandler                           0x000000ff   Thumb Code     0  startup_lpc17xx.o(.text)
    CANActivity_IRQHandler                   0x000000ff   Thumb Code     0  startup_lpc17xx.o(.text)
    CAN_IRQHandler                           0x000000ff   Thumb Code     0  startup_lpc17xx.o(.text)
    DMA_IRQHandler                           0x000000ff   Thumb Code     0  startup_lpc17xx.o(.text)
    EINT0_IRQHandler                         0x000000ff   Thumb Code     0  startup_lpc17xx.o(.text)
    EINT1_IRQHandler                         0x000000ff   Thumb Code     0  startup_lpc17xx.o(.text)
    EINT2_IRQHandler                         0x000000ff   Thumb Code     0  startup_lpc17xx.o(.text)
    EINT3_IRQHandler                         0x000000ff   Thumb Code     0  startup_lpc17xx.o(.text)
    ENET_IRQHandler                          0x000000ff   Thumb Code     0  startup_lpc17xx.o(.text)
    I2C0_IRQHandler                          0x000000ff   Thumb Code     0  startup_lpc17xx.o(.text)
    I2C1_IRQHandler                          0x000000ff   Thumb Code     0  startup_lpc17xx.o(.text)
    I2C2_IRQHandler                          0x000000ff   Thumb Code     0  startup_lpc17xx.o(.text)
    I2S_IRQHandler                           0x000000ff   Thumb Code     0  startup_lpc17xx.o(.text)
    MCPWM_IRQHandler                         0x000000ff   Thumb Code     0  startup_lpc17xx.o(.text)
    PLL0_IRQHandler                          0x000000ff   Thumb Code     0  startup_lpc17xx.o(.text)
    PLL1_IRQHandler                          0x000000ff   Thumb Code     0  startup_lpc17xx.o(.text)
    PWM1_IRQHandler                          0x000000ff   Thumb Code     0  startup_lpc17xx.o(.text)
    QEI_IRQHandler                           0x000000ff   Thumb Code     0  startup_lpc17xx.o(.text)
    RIT_IRQHandler                           0x000000ff   Thumb Code     0  startup_lpc17xx.o(.text)
    RTC_IRQHandler                           0x000000ff   Thumb Code     0  startup_lpc17xx.o(.text)
    SPI_IRQHandler                           0x000000ff   Thumb Code     0  startup_lpc17xx.o(.text)
    SSP0_IRQHandler                          0x000000ff   Thumb Code     0  startup_lpc17xx.o(.text)
    SSP1_IRQHandler                          0x000000ff   Thumb Code     0  startup_lpc17xx.o(.text)
    TIMER0_IRQHandler                        0x000000ff   Thumb Code     0  startup_lpc17xx.o(.text)
    TIMER1_IRQHandler                        0x000000ff   Thumb Code     0  startup_lpc17xx.o(.text)
    TIMER2_IRQHandler                        0x000000ff   Thumb Code     0  startup_lpc17xx.o(.text)
    TIMER3_IRQHandler                        0x000000ff   Thumb Code     0  startup_lpc17xx.o(.text)
    UART2_IRQHandler                         0x000000ff   Thumb Code     0  startup_lpc17xx.o(.text)
    UART3_IRQHandler                         0x000000ff   Thumb Code     0  startup_lpc17xx.o(.text)
    USBActivity_IRQHandler                   0x000000ff   Thumb Code     0  startup_lpc17xx.o(.text)
    USB_IRQHandler                           0x000000ff   Thumb Code     0  startup_lpc17xx.o(.text)
    WDT_IRQHandler                           0x000000ff   Thumb Code     0  startup_lpc17xx.o(.text)
    SVC_Handler                              0x00000109   Thumb Code   108  irq_armv7m.o(.text)
    PendSV_Handler                           0x00000175   Thumb Code    16  irq_armv7m.o(.text)
    SysTick_Handler                          0x00000185   Thumb Code    16  irq_armv7m.o(.text)
    rand                                     0x0000019d   Thumb Code    20  rand.o(.text)
    srand                                    0x000001b1   Thumb Code     6  rand.o(.text)
    __aeabi_memcpy                           0x000001c1   Thumb Code    36  memcpya.o(.text)
    __aeabi_memcpy4                          0x000001c1   Thumb Code     0  memcpya.o(.text)
    __aeabi_memcpy8                          0x000001c1   Thumb Code     0  memcpya.o(.text)
    __aeabi_memset                           0x000001e5   Thumb Code    14  memseta.o(.text)
    __aeabi_memset4                          0x000001e5   Thumb Code     0  memseta.o(.text)
    __aeabi_memset8                          0x000001e5   Thumb Code     0  memseta.o(.text)
    __aeabi_memclr                           0x000001f3   Thumb Code     4  memseta.o(.text)
    __aeabi_memclr4                          0x000001f3   Thumb Code     0  memseta.o(.text)
    __aeabi_memclr8                          0x000001f3   Thumb Code     0  memseta.o(.text)
    _memset$wrapper                          0x000001f7   Thumb Code    18  memseta.o(.text)
    __scatterload                            0x00000209   Thumb Code    28  init.o(.text)
    __scatterload_rt2                        0x00000209   Thumb Code     0  init.o(.text)
    __decompress                             0x0000022d   Thumb Code     0  __dczerorl2.o(.text)
    __decompress1                            0x0000022d   Thumb Code    86  __dczerorl2.o(.text)
    OS_Tick_AcknowledgeIRQ                   0x000002e1   Thumb Code     8  os_systick.o(.text.OS_Tick_AcknowledgeIRQ)
    OS_Tick_GetIRQn                          0x000002ed   Thumb Code     6  os_systick.o(.text.OS_Tick_GetIRQn)
    osRtxKernelErrorNotify                   0x000002f9   Thumb Code     4  rtx_kernel.o(.text.osRtxKernelErrorNotify)
    OS_Tick_Enable                           0x00000359   Thumb Code    32  os_systick.o(.text.OS_Tick_Enable)
    OS_Tick_Setup                            0x00000385   Thumb Code    48  os_systick.o(.text.OS_Tick_Setup)
    osDelay                                  0x000004b1   Thumb Code    32  rtx_delay.o(.text.osDelay)
    osKernelInitialize                       0x000004d5   Thumb Code    40  rtx_kernel.o(.text.osKernelInitialize)
    osKernelStart                            0x00000501   Thumb Code    32  rtx_kernel.o(.text.osKernelStart)
    osMessageQueueGet                        0x00000525   Thumb Code   108  rtx_msgqueue.o(.text.osMessageQueueGet)
    osMessageQueuePut                        0x00000595   Thumb Code   124  rtx_msgqueue.o(.text.osMessageQueuePut)
    osRtxKernelPreInit                       0x00000615   Thumb Code     2  rtx_kernel.o(.text.osRtxKernelPreInit)
    osRtxMemoryAlloc                         0x00000617   Thumb Code   108  rtx_memory.o(.text.osRtxMemoryAlloc)
    osRtxMemoryFree                          0x00000683   Thumb Code    66  rtx_memory.o(.text.osRtxMemoryFree)
    osRtxMemoryInit                          0x000006c5   Thumb Code    54  rtx_memory.o(.text.osRtxMemoryInit)
    osRtxMemoryPoolAlloc                     0x000006fb   Thumb Code    58  rtx_mempool.o(.text.osRtxMemoryPoolAlloc)
    osRtxMemoryPoolFree                      0x00000735   Thumb Code    74  rtx_mempool.o(.text.osRtxMemoryPoolFree)
    osRtxMemoryPoolInit                      0x0000077f   Thumb Code    56  rtx_mempool.o(.text.osRtxMemoryPoolInit)
    osRtxMessageQueueTimerSetup              0x00000861   Thumb Code    32  rtx_msgqueue.o(.text.osRtxMessageQueueTimerSetup)
    osRtxMutexOwnerRelease                   0x00000889   Thumb Code    72  rtx_mutex.o(.text.osRtxMutexOwnerRelease)
    osRtxMutexOwnerRestore                   0x000008d1   Thumb Code    66  rtx_mutex.o(.text.osRtxMutexOwnerRestore)
    osRtxPendSV_Handler                      0x00000915   Thumb Code   136  rtx_system.o(.text.osRtxPendSV_Handler)
    osRtxPostProcess                         0x000009a1   Thumb Code   108  rtx_system.o(.text.osRtxPostProcess)
    osRtxThreadDelayTick                     0x00000b0d   Thumb Code    72  rtx_thread.o(.text.osRtxThreadDelayTick)
    osRtxThreadDispatch                      0x00000b7d   Thumb Code    80  rtx_thread.o(.text.osRtxThreadDispatch)
    osRtxThreadListGet                       0x00000c47   Thumb Code    18  rtx_thread.o(.text.osRtxThreadListGet)
    osRtxThreadListPut                       0x00000c59   Thumb Code    44  rtx_thread.o(.text.osRtxThreadListPut)
    osRtxThreadListRemove                    0x00000c85   Thumb Code    20  rtx_thread.o(.text.osRtxThreadListRemove)
    osRtxThreadListSort                      0x00000ca5   Thumb Code    38  rtx_thread.o(.text.osRtxThreadListSort)
    osRtxThreadReadyPut                      0x00000cf5   Thumb Code    16  rtx_thread.o(.text.osRtxThreadReadyPut)
    osRtxThreadRegPtr                        0x00000d09   Thumb Code     6  rtx_thread.o(.text.osRtxThreadRegPtr)
    osRtxThreadStartup                       0x00000d11   Thumb Code    48  rtx_thread.o(.text.osRtxThreadStartup)
    osRtxThreadSwitch                        0x00000d4d   Thumb Code    12  rtx_thread.o(.text.osRtxThreadSwitch)
    osRtxThreadWaitEnter                     0x00000d5d   Thumb Code    56  rtx_thread.o(.text.osRtxThreadWaitEnter)
    osRtxThreadWaitExit                      0x00000d99   Thumb Code    34  rtx_thread.o(.text.osRtxThreadWaitExit)
    osRtxTick_Handler                        0x00000dbd   Thumb Code   116  rtx_system.o(.text.osRtxTick_Handler)
    osRtxTimerSetup                          0x00000e35   Thumb Code    24  rtx_timer.o(.text.osRtxTimerSetup)
    osRtxTimerThread                         0x00000e55   Thumb Code    32  rtx_timer.o(.text.osRtxTimerThread)
    osThreadExit                             0x00000ee5   Thumb Code     8  rtx_thread.o(.text.osThreadExit)
    osThreadNew                              0x00000ef1   Thumb Code    32  rtx_thread.o(.text.osThreadNew)
    osThreadTerminate                        0x00000f15   Thumb Code    32  rtx_thread.o(.text.osThreadTerminate)
    osThreadYield                            0x00000f39   Thumb Code    32  rtx_thread.o(.text.osThreadYield)
    Free                                     0x00001699   Thumb Code     6  uart.o(i.Free)
    FreeRcv                                  0x000016a1   Thumb Code    28  uart.o(i.FreeRcv)
    FreeSnd                                  0x000016c5   Thumb Code    28  uart.o(i.FreeSnd)
    GLCD_Clear                               0x000016e9   Thumb Code    42  glcd_spi_lpc1700.o(i.GLCD_Clear)
    GLCD_Init                                0x00001715   Thumb Code  1506  glcd_spi_lpc1700.o(i.GLCD_Init)
    GLCD_PutPixel                            0x00001cfd   Thumb Code   118  glcd_spi_lpc1700.o(i.GLCD_PutPixel)
    GLCD_SetTextColor                        0x00001d7d   Thumb Code     6  glcd_spi_lpc1700.o(i.GLCD_SetTextColor)
    GLCD_SetWindow                           0x00001d89   Thumb Code   168  glcd_spi_lpc1700.o(i.GLCD_SetWindow)
    GLCD_WindowMax                           0x00001e35   Thumb Code    18  glcd_spi_lpc1700.o(i.GLCD_WindowMax)
    SystemInit                               0x00001e49   Thumb Code   302  system_lpc17xx.o(i.SystemInit)
    UART0_IRQHandler                         0x00001f89   Thumb Code    88  uart.o(i.UART0_IRQHandler)
    UART1_IRQHandler                         0x00001ff1   Thumb Code    90  uart.o(i.UART1_IRQHandler)
    UARTInit                                 0x00002061   Thumb Code   176  uart.o(i.UARTInit)
    UARTSendChar                             0x0000211d   Thumb Code    26  uart.o(i.UARTSendChar)
    __0printf$bare                           0x00002141   Thumb Code     8  printfb.o(i.__0printf$bare)
    __1printf$bare                           0x00002141   Thumb Code     0  printfb.o(i.__0printf$bare)
    __2printf                                0x00002141   Thumb Code     0  printfb.o(i.__0printf$bare)
    __scatterload_copy                       0x00002173   Thumb Code    14  handlers.o(i.__scatterload_copy)
    __scatterload_null                       0x00002181   Thumb Code     2  handlers.o(i.__scatterload_null)
    __scatterload_zeroinit                   0x00002183   Thumb Code    14  handlers.o(i.__scatterload_zeroinit)
    animate                                  0x000021b5   Thumb Code    94  gamelogic.o(i.animate)
    checkCollision                           0x00002221   Thumb Code    72  spece.o(i.checkCollision)
    checkEndGame                             0x00002269   Thumb Code   100  gamelogic.o(i.checkEndGame)
    drawBigPixelAt                           0x000022eb   Thumb Code    44  spece.o(i.drawBigPixelAt)
    enemyShoot                               0x00002319   Thumb Code    32  gamelogic.o(i.enemyShoot)
    fputc                                    0x0000233d   Thumb Code    14  retarget.o(i.fputc)
    getFrequency                             0x0000234d   Thumb Code    62  uart.o(i.getFrequency)
    initializeActors                         0x00002395   Thumb Code   194  gamelogic.o(i.initializeActors)
    main                                     0x00002471   Thumb Code    86  p2_main.o(i.main)
    malloc                                   0x000024e9   Thumb Code    92  malloc.o(i.malloc)
    osRtxErrorNotify                         0x00002555   Thumb Code    32  rtx_config.o(i.osRtxErrorNotify)
    osRtxIdleThread                          0x00002575   Thumb Code     4  rtx_config.o(i.osRtxIdleThread)
    printEnemy                               0x00002579   Thumb Code    42  spece.o(i.printEnemy)
    printLaser                               0x000025a3   Thumb Code   106  spece.o(i.printLaser)
    printPlayer                              0x0000260d   Thumb Code    88  spece.o(i.printPlayer)
    printSpriteAt                            0x00002665   Thumb Code    82  spece.o(i.printSpriteAt)
    readPlayerInput                          0x0000278d   Thumb Code   112  gamelogic.o(i.readPlayerInput)
    sendchar                                 0x00002809   Thumb Code    64  retarget.o(i.sendchar)
    updateEnemyPosition                      0x000028ed   Thumb Code   102  spece.o(i.updateEnemyPosition)
    irqRtxLibRef                             0x00002a4c   Data           4  rtx_lib.o(.constdata)
    osRtxUserSVC                             0x00002a50   Data           4  rtx_lib.o(.constdata)
    osRtxConfig                              0x00002a54   Data         112  rtx_lib.o(.rodata)
    os_cb_sections                           0x00002ac4   Data          56  rtx_lib.o(.rodata)
    irqRtxLib                                0x00002afc   Number         0  irq_armv7m.o(.rodata)
    Region$$Table$$Base                      0x00002b0c   Number         0  anon$$obj.o(Region$$Table)
    Region$$Table$$Limit                     0x00002b2c   Number         0  anon$$obj.o(Region$$Table)
    .bss.os.msgqueue.cb$$Base                0x10001fc0   Number         0  rtx_lib.o(.bss.os.msgqueue.cb)
    .bss.os.msgqueue.cb$$Limit               0x10001ff4   Number         0  rtx_lib.o(.bss.os.msgqueue.cb)
    .bss.os.thread.cb$$Base                  0x10002044   Number         0  rtx_lib.o(.bss.os.thread.cb)
    .bss.os.thread.cb$$Limit                 0x100020cc   Number         0  rtx_lib.o(.bss.os.thread.cb)
    uart_init_called                         0x100024d8   Data           1  retarget.o(.data)
    __stdout                                 0x100024dc   Data           4  retarget.o(.data)
    __stdin                                  0x100024e0   Data           4  retarget.o(.data)
    ITM_RxBuffer                             0x100024e4   Data           4  uart.o(.data)
    UART0Status                              0x100024e8   Data           4  uart.o(.data)
    UART1Status                              0x100024ec   Data           4  uart.o(.data)
    UART0TxEmpty                             0x100024f0   Data           1  uart.o(.data)
    UART1TxEmpty                             0x100024f1   Data           1  uart.o(.data)
    UART0Count                               0x100024f4   Data           4  uart.o(.data)
    UART1Count                               0x100024f8   Data           4  uart.o(.data)
    RcvLock0                                 0x100024fc   Data           1  uart.o(.data)
    SndLock0                                 0x100024fd   Data           1  uart.o(.data)
    RcvLock1                                 0x100024fe   Data           1  uart.o(.data)
    SndLock1                                 0x100024ff   Data           1  uart.o(.data)
    i                                        0x10002500   Data           4  uart.o(.data)
    enemy                                    0x10002504   Data           4  p2_main.o(.data)
    player                                   0x10002508   Data           4  p2_main.o(.data)
    lasers                                   0x1000250c   Data           8  p2_main.o(.data)
    animateID                                0x10002514   Data           4  p2_main.o(.data)
    sprite                                   0x10002518   Data           6  gamelogic.o(.data)
    playerSprite                             0x1000251e   Data           6  gamelogic.o(.data)
    laserSprite                              0x10002524   Data           6  gamelogic.o(.data)
    SystemCoreClock                          0x1000252c   Data           4  system_lpc17xx.o(.data)
    __microlib_freelist                      0x10002534   Data           4  mvars.o(.data)
    __microlib_freelist_initialised          0x10002538   Data           4  mvars.o(.data)
    osRtxInfo                                0x1000253c   Data         164  rtx_kernel.o(.data.os)
    UART0Buffer                              0x100025e0   Data          64  uart.o(.bss)
    UART1Buffer                              0x10002620   Data          64  uart.o(.bss)
    __heap_base                              0x10002668   Data           0  startup_lpc17xx.o(HEAP)
    __heap_limit                             0x10004668   Data           0  startup_lpc17xx.o(HEAP)
    __initial_sp                             0x10006668   Data           0  startup_lpc17xx.o(STACK)



==============================================================================

Memory Map of the image

  Image Entry point : 0x000000e5

  Load Region LR_1 (Base: 0x00000000, Size: 0x0000510c, Max: 0xffffffff, ABSOLUTE, COMPRESSED[0x00002ba0])

    Execution Region ER_RO (Exec base: 0x00000000, Load base: 0x00000000, Size: 0x00002b2c, Max: 0xffffffff, ABSOLUTE)

    Exec Addr    Load Addr    Size         Type   Attr      Idx    E Section Name        Object

    0x00000000   0x00000000   0x000000cc   Data   RO          743    RESET               startup_lpc17xx.o
    0x000000cc   0x000000cc   0x00000000   Code   RO         1273  * .ARM.Collect$$$$00000000  mc_w.l(entry.o)
    0x000000cc   0x000000cc   0x00000004   Code   RO         1575    .ARM.Collect$$$$00000001  mc_w.l(entry2.o)
    0x000000d0   0x000000d0   0x00000004   Code   RO         1578    .ARM.Collect$$$$00000004  mc_w.l(entry5.o)
    0x000000d4   0x000000d4   0x00000000   Code   RO         1580    .ARM.Collect$$$$00000008  mc_w.l(entry7b.o)
    0x000000d4   0x000000d4   0x00000000   Code   RO         1582    .ARM.Collect$$$$0000000A  mc_w.l(entry8b.o)
    0x000000d4   0x000000d4   0x00000008   Code   RO         1583    .ARM.Collect$$$$0000000B  mc_w.l(entry9a.o)
    0x000000dc   0x000000dc   0x00000004   Code   RO         1590    .ARM.Collect$$$$0000000E  mc_w.l(entry12b.o)
    0x000000e0   0x000000e0   0x00000000   Code   RO         1585    .ARM.Collect$$$$0000000F  mc_w.l(entry10a.o)
    0x000000e0   0x000000e0   0x00000000   Code   RO         1587    .ARM.Collect$$$$00000011  mc_w.l(entry11a.o)
    0x000000e0   0x000000e0   0x00000004   Code   RO         1576    .ARM.Collect$$$$00002712  mc_w.l(entry2.o)
    0x000000e4   0x000000e4   0x00000024   Code   RO          745  * .text               startup_lpc17xx.o
    0x00000108   0x00000108   0x00000094   Code   RO         1063    .text               RTX_CM3.lib(irq_armv7m.o)
    0x0000019c   0x0000019c   0x00000024   Code   RO         1278    .text               mc_w.l(rand.o)
    0x000001c0   0x000001c0   0x00000024   Code   RO         1281    .text               mc_w.l(memcpya.o)
    0x000001e4   0x000001e4   0x00000024   Code   RO         1283    .text               mc_w.l(memseta.o)
    0x00000208   0x00000208   0x00000024   Code   RO         1610    .text               mc_w.l(init.o)
    0x0000022c   0x0000022c   0x00000056   Code   RO         1624    .text               mc_w.l(__dczerorl2.o)
    0x00000282   0x00000282   0x00000040   Code   RO         1215    .text.MessageQueueGet  RTX_CM3.lib(rtx_msgqueue.o)
    0x000002c2   0x000002c2   0x0000001c   Code   RO         1207    .text.MessageQueueRemove  RTX_CM3.lib(rtx_msgqueue.o)
    0x000002de   0x000002de   0x00000002   PAD
    0x000002e0   0x000002e0   0x0000000c   Code   RO         1253    .text.OS_Tick_AcknowledgeIRQ  RTX_CM3.lib(os_systick.o)
    0x000002ec   0x000002ec   0x00000006   Code   RO         1255    .text.OS_Tick_GetIRQn  RTX_CM3.lib(os_systick.o)
    0x000002f2   0x000002f2   0x00000006   Code   RO          988    .text.OUTLINED_FUNCTION_0  RTX_CM3.lib(rtx_thread.o)
    0x000002f8   0x000002f8   0x00000004   Code   RO          790    .text.osRtxKernelErrorNotify  RTX_CM3.lib(rtx_kernel.o)
    0x000002fc   0x000002fc   0x00000004   Code   RO          744    .ARM.__at_0x02FC    startup_lpc17xx.o
    0x00000300   0x00000300   0x00000058   Code   RO         1209    .text.MessageQueuePut  RTX_CM3.lib(rtx_msgqueue.o)
    0x00000358   0x00000358   0x0000002c   Code   RO         1249    .text.OS_Tick_Enable  RTX_CM3.lib(os_systick.o)
    0x00000384   0x00000384   0x00000040   Code   RO         1247    .text.OS_Tick_Setup  RTX_CM3.lib(os_systick.o)
    0x000003c4   0x000003c4   0x0000000c   Code   RO          846    .text.OUTLINED_FUNCTION_0  RTX_CM3.lib(rtx_kernel.o)
    0x000003d0   0x000003d0   0x0000000c   Code   RO         1223    .text.OUTLINED_FUNCTION_0  RTX_CM3.lib(rtx_msgqueue.o)
    0x000003dc   0x000003dc   0x00000006   Code   RO          848    .text.OUTLINED_FUNCTION_1  RTX_CM3.lib(rtx_kernel.o)
    0x000003e2   0x000003e2   0x00000006   Code   RO          990    .text.OUTLINED_FUNCTION_1  RTX_CM3.lib(rtx_thread.o)
    0x000003e8   0x000003e8   0x00000014   Code   RO          992    .text.OUTLINED_FUNCTION_2  RTX_CM3.lib(rtx_thread.o)
    0x000003fc   0x000003fc   0x00000008   Code   RO          996    .text.OUTLINED_FUNCTION_4  RTX_CM3.lib(rtx_thread.o)
    0x00000404   0x00000404   0x00000064   Code   RO          940    .text.ThreadFlagsCheck  RTX_CM3.lib(rtx_thread.o)
    0x00000468   0x00000468   0x00000048   Code   RO         1040    .text.TimerInsert   RTX_CM3.lib(rtx_timer.o)
    0x000004b0   0x000004b0   0x00000024   Code   RO         1006    .text.osDelay       RTX_CM3.lib(rtx_delay.o)
    0x000004d4   0x000004d4   0x0000002c   Code   RO          792    .text.osKernelInitialize  RTX_CM3.lib(rtx_kernel.o)
    0x00000500   0x00000500   0x00000024   Code   RO          802    .text.osKernelStart  RTX_CM3.lib(rtx_kernel.o)
    0x00000524   0x00000524   0x00000070   Code   RO         1183    .text.osMessageQueueGet  RTX_CM3.lib(rtx_msgqueue.o)
    0x00000594   0x00000594   0x00000080   Code   RO         1181    .text.osMessageQueuePut  RTX_CM3.lib(rtx_msgqueue.o)
    0x00000614   0x00000614   0x00000002   Code   RO          788    .text.osRtxKernelPreInit  RTX_CM3.lib(rtx_kernel.o)
    0x00000616   0x00000616   0x0000006c   Code   RO         1109    .text.osRtxMemoryAlloc  RTX_CM3.lib(rtx_memory.o)
    0x00000682   0x00000682   0x00000042   Code   RO         1111    .text.osRtxMemoryFree  RTX_CM3.lib(rtx_memory.o)
    0x000006c4   0x000006c4   0x00000036   Code   RO         1107    .text.osRtxMemoryInit  RTX_CM3.lib(rtx_memory.o)
    0x000006fa   0x000006fa   0x0000003a   Code   RO         1123    .text.osRtxMemoryPoolAlloc  RTX_CM3.lib(rtx_mempool.o)
    0x00000734   0x00000734   0x0000004a   Code   RO         1125    .text.osRtxMemoryPoolFree  RTX_CM3.lib(rtx_mempool.o)
    0x0000077e   0x0000077e   0x00000038   Code   RO         1121    .text.osRtxMemoryPoolInit  RTX_CM3.lib(rtx_mempool.o)
    0x000007b6   0x000007b6   0x000000aa   Code   RO         1205    .text.osRtxMessageQueuePostProcess  RTX_CM3.lib(rtx_msgqueue.o)
    0x00000860   0x00000860   0x00000028   Code   RO         1173    .text.osRtxMessageQueueTimerSetup  RTX_CM3.lib(rtx_msgqueue.o)
    0x00000888   0x00000888   0x00000048   Code   RO         1071    .text.osRtxMutexOwnerRelease  RTX_CM3.lib(rtx_mutex.o)
    0x000008d0   0x000008d0   0x00000042   Code   RO         1073    .text.osRtxMutexOwnerRestore  RTX_CM3.lib(rtx_mutex.o)
    0x00000912   0x00000912   0x00000002   PAD
    0x00000914   0x00000914   0x0000008c   Code   RO         1235    .text.osRtxPendSV_Handler  RTX_CM3.lib(rtx_system.o)
    0x000009a0   0x000009a0   0x00000074   Code   RO         1237    .text.osRtxPostProcess  RTX_CM3.lib(rtx_system.o)
    0x00000a14   0x00000a14   0x00000038   Code   RO          880    .text.osRtxThreadBlock  RTX_CM3.lib(rtx_thread.o)
    0x00000a4c   0x00000a4c   0x00000080   Code   RO          888    .text.osRtxThreadDelayInsert  RTX_CM3.lib(rtx_thread.o)
    0x00000acc   0x00000acc   0x00000040   Code   RO          884    .text.osRtxThreadDelayRemove  RTX_CM3.lib(rtx_thread.o)
    0x00000b0c   0x00000b0c   0x0000004c   Code   RO          870    .text.osRtxThreadDelayTick  RTX_CM3.lib(rtx_thread.o)
    0x00000b58   0x00000b58   0x00000024   Code   RO          972    .text.osRtxThreadDestroy  RTX_CM3.lib(rtx_thread.o)
    0x00000b7c   0x00000b7c   0x00000054   Code   RO          878    .text.osRtxThreadDispatch  RTX_CM3.lib(rtx_thread.o)
    0x00000bd0   0x00000bd0   0x00000058   Code   RO          964    .text.osRtxThreadFree  RTX_CM3.lib(rtx_thread.o)
    0x00000c28   0x00000c28   0x0000001e   Code   RO          970    .text.osRtxThreadJoinWakeup  RTX_CM3.lib(rtx_thread.o)
    0x00000c46   0x00000c46   0x00000012   Code   RO          862    .text.osRtxThreadListGet  RTX_CM3.lib(rtx_thread.o)
    0x00000c58   0x00000c58   0x0000002c   Code   RO          860    .text.osRtxThreadListPut  RTX_CM3.lib(rtx_thread.o)
    0x00000c84   0x00000c84   0x00000014   Code   RO          866    .text.osRtxThreadListRemove  RTX_CM3.lib(rtx_thread.o)
    0x00000c98   0x00000c98   0x0000000c   Code   RO          872    .text.osRtxThreadListRoot  RTX_CM3.lib(rtx_thread.o)
    0x00000ca4   0x00000ca4   0x00000026   Code   RO          864    .text.osRtxThreadListSort  RTX_CM3.lib(rtx_thread.o)
    0x00000cca   0x00000cca   0x00000028   Code   RO          938    .text.osRtxThreadPostProcess  RTX_CM3.lib(rtx_thread.o)
    0x00000cf2   0x00000cf2   0x00000002   PAD
    0x00000cf4   0x00000cf4   0x00000014   Code   RO          868    .text.osRtxThreadReadyPut  RTX_CM3.lib(rtx_thread.o)
    0x00000d08   0x00000d08   0x00000006   Code   RO          874    .text.osRtxThreadRegPtr  RTX_CM3.lib(rtx_thread.o)
    0x00000d0e   0x00000d0e   0x00000002   PAD
    0x00000d10   0x00000d10   0x0000003c   Code   RO          890    .text.osRtxThreadStartup  RTX_CM3.lib(rtx_thread.o)
    0x00000d4c   0x00000d4c   0x00000010   Code   RO          876    .text.osRtxThreadSwitch  RTX_CM3.lib(rtx_thread.o)
    0x00000d5c   0x00000d5c   0x0000003c   Code   RO          886    .text.osRtxThreadWaitEnter  RTX_CM3.lib(rtx_thread.o)
    0x00000d98   0x00000d98   0x00000022   Code   RO          882    .text.osRtxThreadWaitExit  RTX_CM3.lib(rtx_thread.o)
    0x00000dba   0x00000dba   0x00000002   PAD
    0x00000dbc   0x00000dbc   0x00000078   Code   RO         1233    .text.osRtxTick_Handler  RTX_CM3.lib(rtx_system.o)
    0x00000e34   0x00000e34   0x00000020   Code   RO         1022    .text.osRtxTimerSetup  RTX_CM3.lib(rtx_timer.o)
    0x00000e54   0x00000e54   0x00000020   Code   RO         1026    .text.osRtxTimerThread  RTX_CM3.lib(rtx_timer.o)
    0x00000e74   0x00000e74   0x00000070   Code   RO         1024    .text.osRtxTimerTick  RTX_CM3.lib(rtx_timer.o)
    0x00000ee4   0x00000ee4   0x0000000c   Code   RO          922    .text.osThreadExit  RTX_CM3.lib(rtx_thread.o)
    0x00000ef0   0x00000ef0   0x00000024   Code   RO          894    .text.osThreadNew   RTX_CM3.lib(rtx_thread.o)
    0x00000f14   0x00000f14   0x00000024   Code   RO          924    .text.osThreadTerminate  RTX_CM3.lib(rtx_thread.o)
    0x00000f38   0x00000f38   0x00000024   Code   RO          912    .text.osThreadYield  RTX_CM3.lib(rtx_thread.o)
    0x00000f5c   0x00000f5c   0x00000016   Code   RO         1010    .text.svcRtxDelay   RTX_CM3.lib(rtx_delay.o)
    0x00000f72   0x00000f72   0x00000002   PAD
    0x00000f74   0x00000f74   0x00000100   Code   RO          830    .text.svcRtxKernelInitialize  RTX_CM3.lib(rtx_kernel.o)
    0x00001074   0x00001074   0x00000088   Code   RO          832    .text.svcRtxKernelStart  RTX_CM3.lib(rtx_kernel.o)
    0x000010fc   0x000010fc   0x000000d8   Code   RO         1217    .text.svcRtxMessageQueueGet  RTX_CM3.lib(rtx_msgqueue.o)
    0x000011d4   0x000011d4   0x00000118   Code   RO         1175    .text.svcRtxMessageQueueNew  RTX_CM3.lib(rtx_msgqueue.o)
    0x000012ec   0x000012ec   0x000000b4   Code   RO         1213    .text.svcRtxMessageQueuePut  RTX_CM3.lib(rtx_msgqueue.o)
    0x000013a0   0x000013a0   0x0000004c   Code   RO          968    .text.svcRtxThreadExit  RTX_CM3.lib(rtx_thread.o)
    0x000013ec   0x000013ec   0x000001ec   Code   RO          892    .text.svcRtxThreadNew  RTX_CM3.lib(rtx_thread.o)
    0x000015d8   0x000015d8   0x00000088   Code   RO          974    .text.svcRtxThreadTerminate  RTX_CM3.lib(rtx_thread.o)
    0x00001660   0x00001660   0x00000038   Code   RO          954    .text.svcRtxThreadYield  RTX_CM3.lib(rtx_thread.o)
    0x00001698   0x00001698   0x00000006   Code   RO          395    i.Free              uart.o
    0x0000169e   0x0000169e   0x00000002   PAD
    0x000016a0   0x000016a0   0x00000024   Code   RO          396    i.FreeRcv           uart.o
    0x000016c4   0x000016c4   0x00000024   Code   RO          397    i.FreeSnd           uart.o
    0x000016e8   0x000016e8   0x0000002a   Code   RO          144    i.GLCD_Clear        glcd_spi_lpc1700.o
    0x00001712   0x00001712   0x00000002   PAD
    0x00001714   0x00001714   0x000005e8   Code   RO          149    i.GLCD_Init         glcd_spi_lpc1700.o
    0x00001cfc   0x00001cfc   0x00000080   Code   RO          150    i.GLCD_PutPixel     glcd_spi_lpc1700.o
    0x00001d7c   0x00001d7c   0x0000000c   Code   RO          153    i.GLCD_SetTextColor  glcd_spi_lpc1700.o
    0x00001d88   0x00001d88   0x000000ac   Code   RO          154    i.GLCD_SetWindow    glcd_spi_lpc1700.o
    0x00001e34   0x00001e34   0x00000012   Code   RO          155    i.GLCD_WindowMax    glcd_spi_lpc1700.o
    0x00001e46   0x00001e46   0x00000002   PAD
    0x00001e48   0x00001e48   0x00000140   Code   RO          755    i.SystemInit        system_lpc17xx.o
    0x00001f88   0x00001f88   0x00000068   Code   RO          401    i.UART0_IRQHandler  uart.o
    0x00001ff0   0x00001ff0   0x00000070   Code   RO          402    i.UART1_IRQHandler  uart.o
    0x00002060   0x00002060   0x000000bc   Code   RO          403    i.UARTInit          uart.o
    0x0000211c   0x0000211c   0x00000024   Code   RO          407    i.UARTSendChar      uart.o
    0x00002140   0x00002140   0x00000010   Code   RO         1288    i.__0printf$bare    mc_w.l(printfb.o)
    0x00002150   0x00002150   0x00000022   Code   RO          408    i.__NVIC_EnableIRQ  uart.o
    0x00002172   0x00002172   0x0000000e   Code   RO         1618    i.__scatterload_copy  mc_w.l(handlers.o)
    0x00002180   0x00002180   0x00000002   Code   RO         1619    i.__scatterload_null  mc_w.l(handlers.o)
    0x00002182   0x00002182   0x0000000e   Code   RO         1620    i.__scatterload_zeroinit  mc_w.l(handlers.o)
    0x00002190   0x00002190   0x00000022   Code   RO         1295    i._printf_core      mc_w.l(printfb.o)
    0x000021b2   0x000021b2   0x00000002   PAD
    0x000021b4   0x000021b4   0x0000006c   Code   RO          610    i.animate           gamelogic.o
    0x00002220   0x00002220   0x00000048   Code   RO          559    i.checkCollision    spece.o
    0x00002268   0x00002268   0x00000074   Code   RO          611    i.checkEndGame      gamelogic.o
    0x000022dc   0x000022dc   0x0000000e   Code   RO          158    i.delay             glcd_spi_lpc1700.o
    0x000022ea   0x000022ea   0x0000002c   Code   RO          560    i.drawBigPixelAt    spece.o
    0x00002316   0x00002316   0x00000002   PAD
    0x00002318   0x00002318   0x00000024   Code   RO          612    i.enemyShoot        gamelogic.o
    0x0000233c   0x0000233c   0x0000000e   Code   RO          332    i.fputc             retarget.o
    0x0000234a   0x0000234a   0x00000002   PAD
    0x0000234c   0x0000234c   0x00000048   Code   RO          409    i.getFrequency      uart.o
    0x00002394   0x00002394   0x000000dc   Code   RO          613    i.initializeActors  gamelogic.o
    0x00002470   0x00002470   0x00000078   Code   RO          509    i.main              p2_main.o
    0x000024e8   0x000024e8   0x0000006c   Code   RO         1548    i.malloc            mc_w.l(malloc.o)
    0x00002554   0x00002554   0x00000020   Code   RO          710    i.osRtxErrorNotify  rtx_config.o
    0x00002574   0x00002574   0x00000004   Code   RO          711    i.osRtxIdleThread   rtx_config.o
    0x00002578   0x00002578   0x0000002a   Code   RO          561    i.printEnemy        spece.o
    0x000025a2   0x000025a2   0x0000006a   Code   RO          562    i.printLaser        spece.o
    0x0000260c   0x0000260c   0x00000058   Code   RO          563    i.printPlayer       spece.o
    0x00002664   0x00002664   0x00000052   Code   RO          564    i.printSpriteAt     spece.o
    0x000026b6   0x000026b6   0x00000002   PAD
    0x000026b8   0x000026b8   0x0000008c   Code   RO          159    i.rd_id_man         glcd_spi_lpc1700.o
    0x00002744   0x00002744   0x00000048   Code   RO          160    i.rd_reg            glcd_spi_lpc1700.o
    0x0000278c   0x0000278c   0x0000007c   Code   RO          614    i.readPlayerInput   gamelogic.o
    0x00002808   0x00002808   0x00000044   Code   RO          334    i.sendchar          retarget.o
    0x0000284c   0x0000284c   0x00000020   Code   RO          161    i.spi_tran          glcd_spi_lpc1700.o
    0x0000286c   0x0000286c   0x00000080   Code   RO          162    i.spi_tran_man      glcd_spi_lpc1700.o
    0x000028ec   0x000028ec   0x00000066   Code   RO          565    i.updateEnemyPosition  spece.o
    0x00002952   0x00002952   0x00000002   PAD
    0x00002954   0x00002954   0x00000028   Code   RO          163    i.wr_cmd            glcd_spi_lpc1700.o
    0x0000297c   0x0000297c   0x00000028   Code   RO          164    i.wr_dat            glcd_spi_lpc1700.o
    0x000029a4   0x000029a4   0x00000012   Code   RO          165    i.wr_dat_only       glcd_spi_lpc1700.o
    0x000029b6   0x000029b6   0x00000002   PAD
    0x000029b8   0x000029b8   0x00000014   Code   RO          166    i.wr_dat_start      glcd_spi_lpc1700.o
    0x000029cc   0x000029cc   0x0000000c   Code   RO          167    i.wr_dat_stop       glcd_spi_lpc1700.o
    0x000029d8   0x000029d8   0x00000014   Code   RO          168    i.wr_reg            glcd_spi_lpc1700.o
    0x000029ec   0x000029ec   0x00000068   Data   RO          668    .constdata          rtx_lib.o
    0x00002a54   0x00002a54   0x000000a8   Data   RO          669    .rodata             rtx_lib.o
    0x00002afc   0x00002afc   0x00000001   Data   RO         1064    .rodata             RTX_CM3.lib(irq_armv7m.o)
    0x00002afd   0x00002afd   0x00000003   PAD
    0x00002b00   0x00002b00   0x0000000b   Data   RO          850    .rodata.str1.4      RTX_CM3.lib(rtx_kernel.o)
    0x00002b0b   0x00002b0b   0x00000001   PAD
    0x00002b0c   0x00002b0c   0x00000020   Data   RO         1616    Region$$Table       anon$$obj.o


    Execution Region ER_RW (Exec base: 0x10000000, Load base: 0x00002b2c, Size: 0x000025e0, Max: 0xffffffff, ABSOLUTE, COMPRESSED[0x00000074])

    Exec Addr    Load Addr    Size         Type   Attr      Idx    E Section Name        Object

    0x10000000   COMPRESSED   0x00001fc0   Data   RW          662    .bss.os             rtx_lib.o
    0x10001fc0   COMPRESSED   0x00000034   Data   RW          663    .bss.os.msgqueue.cb  rtx_lib.o
    0x10001ff4   COMPRESSED   0x00000050   Data   RW          664    .bss.os.msgqueue.mem  rtx_lib.o
    0x10002044   COMPRESSED   0x00000088   Data   RW          665    .bss.os.thread.cb   rtx_lib.o
    0x100020cc   COMPRESSED   0x00000004   PAD
    0x100020d0   COMPRESSED   0x00000200   Data   RW          666    .bss.os.thread.idle.stack  rtx_lib.o
    0x100022d0   COMPRESSED   0x00000200   Data   RW          667    .bss.os.thread.timer.stack  rtx_lib.o
    0x100024d0   COMPRESSED   0x00000005   Data   RW          170    .data               glcd_spi_lpc1700.o
    0x100024d5   COMPRESSED   0x00000003   PAD
    0x100024d8   COMPRESSED   0x0000000c   Data   RW          335    .data               retarget.o
    0x100024e4   COMPRESSED   0x00000020   Data   RW          411    .data               uart.o
    0x10002504   COMPRESSED   0x00000014   Data   RW          510    .data               p2_main.o
    0x10002518   COMPRESSED   0x00000012   Data   RW          615    .data               gamelogic.o
    0x1000252a   COMPRESSED   0x00000002   PAD
    0x1000252c   COMPRESSED   0x00000004   Data   RW          756    .data               system_lpc17xx.o
    0x10002530   COMPRESSED   0x00000004   Data   RW         1279    .data               mc_w.l(rand.o)
    0x10002534   COMPRESSED   0x00000004   Data   RW         1597    .data               mc_w.l(mvars.o)
    0x10002538   COMPRESSED   0x00000004   Data   RW         1598    .data               mc_w.l(mvars.o)
    0x1000253c   COMPRESSED   0x000000a4   Data   RW          851    .data.os            RTX_CM3.lib(rtx_kernel.o)


    Execution Region ER_ZI (Exec base: 0x100025e0, Load base: 0x00002ba0, Size: 0x00004088, Max: 0xffffffff, ABSOLUTE)

    Exec Addr    Load Addr    Size         Type   Attr      Idx    E Section Name        Object

    0x100025e0        -       0x00000080   Zero   RW          410    .bss                uart.o
    0x10002660        -       0x00000001   Zero   RW         1265    .bss.os             RTX_CM3.lib(os_systick.o)
    0x10002661   0x00002ba0   0x00000007   PAD
    0x10002668        -       0x00002000   Zero   RW          742    HEAP                startup_lpc17xx.o
    0x10004668        -       0x00002000   Zero   RW          741    STACK               startup_lpc17xx.o


==============================================================================

Image component sizes


      Code (inc. data)   RO Data    RW Data    ZI Data      Debug   Object Name

       604         72          0         18          0       3493   gamelogic.o
         0          0          0          0          0       4540   glcd_scroll.o
      2420         84          0          5          0      29317   glcd_spi_lpc1700.o
       120         34          0         20          0       5911   p2_main.o
        82          4          0         12          0       3066   retarget.o
        36          6          0          0          0       1077   rtx_config.o
         0          0        272       9420          0       9130   rtx_lib.o
       536          0          0          0          0       4844   spece.o
        40         12        204          0      16384       1116   startup_lpc17xx.o
       320         18          0          4          0        931   system_lpc17xx.o
       624         86          0         32        128       6375   uart.o

    ----------------------------------------------------------------------
      4798        316        508       9520      16512      69800   Object Totals
         0          0         32          0          0          0   (incl. Generated)
        16          0          0          9          0          0   (incl. Padding)

    ----------------------------------------------------------------------

      Code (inc. data)   RO Data    RW Data    ZI Data      Debug   Library Member Name

       148          8          1          0          0        591   irq_armv7m.o
       126         32          0          0          1       3197   os_systick.o
        58          4          0          0          0       2791   rtx_delay.o
       496         36         11        164          0      16501   rtx_kernel.o
       228          0          0          0          0       2537   rtx_memory.o
       188          0          0          0          0      16008   rtx_mempool.o
      1318         32          0          0          0      18657   rtx_msgqueue.o
       138          0          0          0          0       9962   rtx_mutex.o
       376         26          0          0          0       5296   rtx_system.o
      1950        100          0          0          0      31735   rtx_thread.o
       248         16          0          0          0      10397   rtx_timer.o
        86          0          0          0          0          0   __dczerorl2.o
         0          0          0          0          0          0   entry.o
         0          0          0          0          0          0   entry10a.o
         0          0          0          0          0          0   entry11a.o
         4          0          0          0          0          0   entry12b.o
         8          4          0          0          0          0   entry2.o
         4          0          0          0          0          0   entry5.o
         0          0          0          0          0          0   entry7b.o
         0          0          0          0          0          0   entry8b.o
         8          4          0          0          0          0   entry9a.o
        30          0          0          0          0          0   handlers.o
        36          8          0          0          0         68   init.o
       108         16          0          0          0         84   malloc.o
        36          0          0          0          0         68   memcpya.o
        36          0          0          0          0        108   memseta.o
         0          0          0          8          0          0   mvars.o
        50          8          0          0          0        152   printfb.o
        36         10          0          4          0        136   rand.o

    ----------------------------------------------------------------------
      5730        304         16        176          8     118288   Library Totals
        14          0          4          0          7          0   (incl. Padding)

    ----------------------------------------------------------------------

      Code (inc. data)   RO Data    RW Data    ZI Data      Debug   Library Name

      5274        254         12        164          1     117672   RTX_CM3.lib
       442         50          0         12          0        616   mc_w.l

    ----------------------------------------------------------------------
      5730        304         16        176          8     118288   Library Totals

    ----------------------------------------------------------------------

==============================================================================


      Code (inc. data)   RO Data    RW Data    ZI Data      Debug   

     10528        620        524       9696      16520     185836   Grand Totals
     10528        620        524        116      16520     185836   ELF Image Totals (compressed)
     10528        620        524        116          0          0   ROM Totals

==============================================================================

    Total RO  Size (Code + RO Data)                11052 (  10.79kB)
    Total RW  Size (RW Data + ZI Data)             26216 (  25.60kB)
    Total ROM Size (Code + RO Data + RW Data)      11168 (  10.91kB)

==============================================================================

